BL51 BANKED LINKER/LOCATER V6.22                                                        01/05/2016  13:28:04  PAGE 1


BL51 BANKED LINKER/LOCATER V6.22, INVOKED BY:
C:\KEIL\C51\BIN\BL51.EXE .\OBJ\STARTUP.obj, .\OBJ\HD_cfg.obj, .\OBJ\AD.obj, .\OBJ\Buzzer.obj, .\OBJ\LED.obj, .\OBJ\Key.o
>> bj, .\OBJ\SSP.obj, .\OBJ\LCD.obj, .\OBJ\IIC.obj, .\OBJ\Main.obj, .\OBJ\System.obj, .\OBJ\Script.obj, .\OBJ\Time.obj, 
>> .\OBJ\TempCtr.obj, .\OBJ\TableFunc.obj, .\OBJ\Tables.obj, .\SRC\SinoLib.LIB, .\OBJ\math.obj TO .\OBJ\Actigrains PRINT
>>  (.\LST\Actigrains.m51) RAMSIZE (256)


MEMORY MODEL: SMALL


INPUT MODULES INCLUDED:
  .\OBJ\STARTUP.obj (?C_STARTUP)
  .\OBJ\HD_cfg.obj (HD_CFG)
  .\OBJ\AD.obj (AD)
  .\OBJ\Buzzer.obj (BUZZER)
  .\OBJ\LED.obj (LED)
  .\OBJ\Key.obj (KEY)
  .\OBJ\SSP.obj (SSP)
  .\OBJ\LCD.obj (LCD)
  .\OBJ\IIC.obj (IIC)
  .\OBJ\Main.obj (MAIN)
  .\OBJ\System.obj (SYSTEM)
  .\OBJ\Script.obj (SCRIPT)
  .\OBJ\Time.obj (TIME)
  .\OBJ\TempCtr.obj (TEMPCTR)
  .\OBJ\TableFunc.obj (TABLEFUNC)
  .\OBJ\Tables.obj (TABLES)
  .\SRC\SinoLib.LIB (BCD8TOHEX)
  .\SRC\SinoLib.LIB (HEX8TOBCD)
  .\OBJ\math.obj (MATH)
  C:\KEIL\C51\LIB\C51S.LIB (?C_INIT)
  C:\KEIL\C51\LIB\C51S.LIB (?C?CLDPTR)
  C:\KEIL\C51\LIB\C51S.LIB (?C?CLDOPTR)
  C:\KEIL\C51\LIB\C51S.LIB (?C?CILDPTR)
  C:\KEIL\C51\LIB\C51S.LIB (?C?CILDOPTR)
  C:\KEIL\C51\LIB\C51S.LIB (?C?CSTPTR)
  C:\KEIL\C51\LIB\C51S.LIB (?C?CSTOPTR)
  C:\KEIL\C51\LIB\C51S.LIB (?C?IMUL)
  C:\KEIL\C51\LIB\C51S.LIB (?C?UIDIV)
  C:\KEIL\C51\LIB\C51S.LIB (?C?ILDOPTR)
  C:\KEIL\C51\LIB\C51S.LIB (?C?ISTOPTR)
  C:\KEIL\C51\LIB\C51S.LIB (?C?OFFXADD)


LINK MAP OF MODULE:  .\OBJ\Actigrains (?C_STARTUP)


            TYPE    BASE      LENGTH    RELOCATION   SEGMENT NAME
            -----------------------------------------------------

            * * * * * * *   D A T A   M E M O R Y   * * * * * * *
            REG     0000H     0008H     ABSOLUTE     "REG BANK 0"
            DATA    0008H     0014H     UNIT         ?DT?SYSTEM
            DATA    001CH     0004H     UNIT         ?DT?AD
            DATA    0020H     0001H     BIT_ADDR     ?BA?HD_CFG
            DATA    0021H     0004H     BIT_ADDR     ?BA?LCD
            DATA    0025H     0005H     BIT_ADDR     ?BA?MAIN
            BIT     002AH.0   0000H.1   UNIT         ?BI?KEY
BL51 BANKED LINKER/LOCATER V6.22                                                      01/05/2016  13:28:04  PAGE 2


            BIT     002AH.1   0000H.1   UNIT         ?BI?IIC
            BIT     002AH.2   0000H.1   UNIT         _BIT_GROUP_
                    002AH.3   0000H.5                *** GAP ***
            DATA    002BH     000EH     UNIT         _DATA_GROUP_
            DATA    0039H     000BH     UNIT         ?DT?KEY
            DATA    0044H     000BH     UNIT         ?DT?SCRIPT
            DATA    004FH     0009H     UNIT         ?DT?TEMPCTR
            DATA    0058H     0008H     UNIT         ?DT?LCD
            DATA    0060H     0006H     UNIT         ?DT?BUZZER
            DATA    0066H     0006H     UNIT         ?DT?TIME
            DATA    006CH     0003H     UNIT         ?DT?LED
            DATA    006FH     0002H     UNIT         ?DT?HD_CFG
            DATA    0071H     0001H     UNIT         ?DT?MAIN
            IDATA   0072H     0031H     UNIT         ?ID?AD
            IDATA   00A3H     001EH     UNIT         ?ID?SYSTEM
            IDATA   00C1H     0018H     UNIT         ?ID?SCRIPT
            IDATA   00D9H     000AH     UNIT         ?ID?LCD
            IDATA   00E3H     0001H     UNIT         ?ID?SSP
            IDATA   00E4H     0001H     UNIT         ?STACK

            * * * * * * *  X D A T A   M E M O R Y  * * * * * * *
            XDATA   0000H     0029H     UNIT         ?XD?SSP
            XDATA   0029H     001DH     UNIT         ?XD?LCD
            XDATA   0046H     0006H     UNIT         ?XD?SYSTEM
            XDATA   004CH     0002H     UNIT         ?XD?HD_CFG
            XDATA   004EH     0002H     UNIT         ?XD?LED
            XDATA   0050H     0002H     UNIT         ?XD?IIC
            XDATA   0052H     0001H     UNIT         ?XD?KEY
                    0053H     04ADH                  *** GAP ***
            XDATA   0500H     001CH     ABSOLUTE     

            * * * * * * *   C O D E   M E M O R Y   * * * * * * *
            CODE    0000H     0003H     ABSOLUTE     
            CODE    0003H     0027H     UNIT         ?PR?I2C_ACK?IIC
                    002AH     0001H                  *** GAP ***
            CODE    002BH     0003H     ABSOLUTE     
            CODE    002EH     0004H     UNIT         ?PR?_LEDON?LED
                    0032H     0001H                  *** GAP ***
            CODE    0033H     0003H     ABSOLUTE     
            CODE    0036H     0025H     UNIT         ?PR?TIMER3_ISP?HD_CFG
            CODE    005BH     0003H     ABSOLUTE     
            CODE    005EH     0A17H     UNIT         ?PR?SETUPPROC?SYSTEM
            CODE    0A75H     0A0BH     UNIT         ?CO?SCRIPT
            CODE    1480H     057FH     UNIT         ?PR?RUNPROC?SYSTEM
            CODE    19FFH     043DH     UNIT         ?PR?_FUNCRUNDISP?SYSTEM
            CODE    1E3CH     03DCH     UNIT         ?PR?_FUNCSETDISP?SYSTEM
            CODE    2218H     030DH     UNIT         ?PR?_SETCURSCRIPT?SCRIPT
            CODE    2525H     02D7H     UNIT         ?PR?_LOADVARPARAM?SYSTEM
            CODE    27FCH     0260H     UNIT         ?CO?TABLES
            CODE    2A5CH     0232H     UNIT         ?PR?_SETBOTTEMP?SCRIPT
            CODE    2C8EH     021CH     UNIT         ?PR?_OTHERCMDS?SCRIPT
            CODE    2EAAH     01E5H     UNIT         ?PR?_LCDPROC?LCD
            CODE    308FH     01BCH     UNIT         ?CO?TABLEFUNC
            CODE    324BH     01AAH     UNIT         ?PR?LCDDISPGIF?LCD
            CODE    33F5H     01A7H     UNIT         ?C?LIB_CODE
            CODE    359CH     01A1H     UNIT         ?PR?_LCDDISPZONE4?LCD
            CODE    373DH     019DH     UNIT         ?PR?WARMPROC?SYSTEM
BL51 BANKED LINKER/LOCATER V6.22                                                      01/05/2016  13:28:04  PAGE 3


            CODE    38DAH     016DH     UNIT         ?PR?ENTERRUN?SYSTEM
            CODE    3A47H     013FH     UNIT         ?PR?_SETCUPSWATER?SYSTEM
            CODE    3B86H     013EH     UNIT         ?PR?SELFCHECKPROC?SYSTEM
            CODE    3CC4H     012FH     UNIT         ?CO?SYSTEM
            CODE    3DF3H     0110H     UNIT         ?PR?_SETDEFCOOKTIME?SYSTEM
            CODE    3F03H     00FFH     UNIT         ?PR?SCRIPTPROC?SCRIPT
            CODE    4002H     00F8H     UNIT         ?PR?JUDGETIMEVALID?SYSTEM
            CODE    40FAH     00F7H     UNIT         ?PR?ADCPROC?AD
            CODE    41F1H     00F6H     UNIT         ?PR?FAULTCHECKPROC?SYSTEM
            CODE    42E7H     00E5H     UNIT         ?PR?_LCDDISPSELFCHK?LCD
            CODE    43CCH     00DDH     UNIT         ?PR?_LCDDISPWATERML?LCD
            CODE    44A9H     00D8H     UNIT         ?PR?_LCDDISPMOVIE?LCD
            CODE    4581H     00D2H     UNIT         ?PR?ENTERRESET?SYSTEM
            CODE    4653H     00D0H     UNIT         ?PR?_SETDIYMODEBYDIY?SYSTEM
            CODE    4723H     00C3H     UNIT         ?PR?_SORT16?AD
            CODE    47E6H     00C0H     UNIT         ?PR?ADC_ISP?AD
            CODE    48A6H     00BDH     UNIT         ?PR?_LCDDISPZONE3?LCD
            CODE    4963H     00BCH     UNIT         ?PR?_BYTIME_CHGSTAGE?SCRIPT
            CODE    4A1FH     00B1H     UNIT         ?PR?_HEAT_CTR?SCRIPT
            CODE    4AD0H     00A8H     UNIT         ?PR?GETKEYVAL?KEY
            CODE    4B78H     00A4H     UNIT         ?PR?_LCDDISPFOODCUPS?LCD
            CODE    4C1CH     009AH     UNIT         ?PR?_GETDEGREE?AD
            CODE    4CB6H     0096H     UNIT         ?PR?LEDPROC?LED
            CODE    4D4CH     0092H     UNIT         ?PR?_WRITEFLASH?SSP
            CODE    4DDEH     008EH     UNIT         ?PR?_DICHOTOMY_SEARCH?AD
            CODE    4E6CH     008EH     UNIT         ?PR?HEATPROC?TEMPCTR
            CODE    4EFAH     008CH     UNIT         ?C_C51STARTUP
            CODE    4F86H     0082H     UNIT         ?CO?LCD
            CODE    5008H     0081H     UNIT         ?PR?SOUNDPROC?BUZZER
            CODE    5089H     007FH     UNIT         ?PR?GETPOWERBYDT?SCRIPT
            CODE    5108H     0075H     UNIT         ?PR?KEYPROC?KEY
            CODE    517DH     0075H     UNIT         ?PR?_LCDDISPZONE1?LCD
            CODE    51F2H     0074H     UNIT         ?PR?ENTERWARM?SYSTEM
            CODE    5266H     0070H     UNIT         ?C_INITSEG
            CODE    52D6H     006FH     UNIT         ?PR?_BYTEMP_CHGSTAGE?SCRIPT
            CODE    5345H     0068H     UNIT         ?PR?TIMER2_ISP?HD_CFG
            CODE    53ADH     0066H     UNIT         ?PR?I2C_READ?IIC
            CODE    5413H     0063H     UNIT         ?PR?_PLAYGIF?LCD
            CODE    5476H     005FH     UNIT         ?PR?ENTERSETUP?SYSTEM
            CODE    54D5H     005BH     UNIT         ?PR?_SETDEFCOOKTEMP?SYSTEM
            CODE    5530H     005AH     UNIT         ?PR?ENTERDEFAULT?SYSTEM
            CODE    558AH     0057H     UNIT         ?PR?_LCDDISPCOOKTEMP?LCD
            CODE    55E1H     0053H     UNIT         ?PR?_LCDDISPZONE2?LCD
            CODE    5634H     0052H     UNIT         ?PR?_LCDDISPMENUNUM?LCD
            CODE    5686H     0050H     UNIT         ?PR?_LCDDISPCOOKTIME?LCD
            CODE    56D6H     0050H     UNIT         ?PR?_I2C_SENDBYTE?IIC
            CODE    5726H     0045H     UNIT         ?PR?MAIN?MAIN
            CODE    576BH     0044H     UNIT         ?PR?PORT_INIT?HD_CFG
            CODE    57AFH     0043H     UNIT         ?PR?_DECTIME?TIME
            CODE    57F2H     003DH     UNIT         ?PR?_LCDDISPPEOPLENUM?LCD
            CODE    582FH     003CH     UNIT         ?PR?I2C_RECBYTE?IIC
            CODE    586BH     003CH     UNIT         ?PR?UIPROC?SYSTEM
            CODE    58A7H     003BH     UNIT         ?PR?AUTOTESTACTIVATE?SYSTEM
            CODE    58E2H     0039H     UNIT         ?PR?_ERASEFLASH?SSP
            CODE    591BH     0039H     UNIT         ?PR?_LCDDISPTEXTURE?LCD
            CODE    5954H     0038H     UNIT         ?PR?_LCDDISPNUM_LO?LCD
            CODE    598CH     0036H     UNIT         ?PR?_LCDDISPNUM_HI?LCD
BL51 BANKED LINKER/LOCATER V6.22                                                      01/05/2016  13:28:04  PAGE 4


            CODE    59C2H     0034H     UNIT         ?PR?_INCTIME_MIN?TIME
            CODE    59F6H     0032H     UNIT         ?PR?POWERDOWNPROC?SYSTEM
            CODE    5A28H     002FH     UNIT         ?PR?KEEPTEMPPROC?TEMPCTR
            CODE    5A57H     002CH     UNIT         ?CO?BUZZER
            CODE    5A83H     002BH     UNIT         ?PR?_READFLASH?SSP
            CODE    5AAEH     002AH     UNIT         ?PR?LCD_INIT?LCD
            CODE    5AD8H     002AH     UNIT         ?PR?ERRORPROC?SYSTEM
            CODE    5B02H     0026H     UNIT         ?PR?_LCDDISPALL?LCD
            CODE    5B28H     0025H     UNIT         ?PR?LCDDISPERROR?LCD
            CODE    5B4DH     0024H     UNIT         ?PR?RESETCURSCRIPT?SCRIPT
            CODE    5B71H     0024H     UNIT         ?PR?_DELAY?DELAY
            CODE    5B95H     0021H     UNIT         ?PR?I2C_START?IIC
            CODE    5BB6H     0021H     UNIT         ?PR?I2C_STOP?IIC
            CODE    5BD7H     0020H     UNIT         ?PR?RESETPROC?SYSTEM
            CODE    5BF7H     001FH     UNIT         ?PR?_ADCSELCHANNEL?AD
            CODE    5C16H     001EH     UNIT         ?PR?TIMER3_INIT?HD_CFG
            CODE    5C34H     001DH     UNIT         ?PR?LCDCLEARNUM?LCD
            CODE    5C51H     001AH     UNIT         ?PR?SYSTEM_INIT?HD_CFG
            CODE    5C6BH     0018H     UNIT         ?PR?TIMER2_INIT?HD_CFG
            CODE    5C83H     0017H     UNIT         ?PR?ENTERPOWERDOWN?SYSTEM
            CODE    5C9AH     0016H     UNIT         ?PR?_INCTIME?TIME
            CODE    5CB0H     0015H     UNIT         ?PR?_DELAYS?IIC
            CODE    5CC5H     0014H     UNIT         ?PR?_HEX8TOBCD?HEX8TOBCD
            CODE    5CD9H     0013H     UNIT         ?PR?ADC_INIT?AD
            CODE    5CECH     0013H     UNIT         ?PR?_CHANGESCRIPTSTAGE?SCRIPT
            CODE    5CFFH     0012H     UNIT         ?PR?_BCD8TOHEX?BCD8TOHEX
            CODE    5D11H     0011H     UNIT         ?PR?SETSYSCLOCK?HD_CFG
            CODE    5D22H     000FH     UNIT         ?PR?_PLAYSOUND?BUZZER
            CODE    5D31H     000DH     UNIT         ?PR?IE_INIT?HD_CFG
            CODE    5D3EH     000CH     UNIT         ?PR?_ADCGETVAL?AD
            CODE    5D4AH     000BH     UNIT         ?PR?ISNEWKEY?KEY
            CODE    5D55H     000AH     UNIT         ?PR?GETKEY?KEY
            CODE    5D5FH     0007H     UNIT         ?PR?_ADCGETDATA?AD
            CODE    5D66H     0007H     UNIT         ?PR?_CLRLEDBLANK?LED
            CODE    5D6DH     0006H     UNIT         ?PR?_SETLEDBLANK?LED
            CODE    5D73H     0003H     UNIT         ?PR?GETSCRIPTSTAGE?SCRIPT
            CODE    5D76H     0002H     UNIT         ?CO?AD



OVERLAY MAP OF MODULE:   .\OBJ\Actigrains (?C_STARTUP)


SEGMENT                                  BIT_GROUP          DATA_GROUP 
  +--> CALLED SEGMENT                 START    LENGTH     START    LENGTH
-------------------------------------------------------------------------
?C_C51STARTUP                         -----    -----      -----    -----
  +--> ?PR?MAIN?MAIN
  +--> ?C_INITSEG

?PR?MAIN?MAIN                         -----    -----      -----    -----
  +--> ?PR?SYSTEM_INIT?HD_CFG
  +--> ?PR?ENTERRESET?SYSTEM
  +--> ?PR?ADCPROC?AD
  +--> ?PR?_LCDPROC?LCD
  +--> ?PR?LEDPROC?LED
  +--> ?PR?KEYPROC?KEY
BL51 BANKED LINKER/LOCATER V6.22                                                      01/05/2016  13:28:04  PAGE 5


  +--> ?PR?UIPROC?SYSTEM
  +--> ?PR?SOUNDPROC?BUZZER
  +--> ?PR?SCRIPTPROC?SCRIPT
  +--> ?PR?AUTOTESTACTIVATE?SYSTEM
  +--> ?PR?FAULTCHECKPROC?SYSTEM
  +--> ?PR?KEEPTEMPPROC?TEMPCTR
  +--> ?PR?HEATPROC?TEMPCTR

?PR?SYSTEM_INIT?HD_CFG                -----    -----      -----    -----
  +--> ?PR?SETSYSCLOCK?HD_CFG
  +--> ?PR?PORT_INIT?HD_CFG
  +--> ?PR?TIMER2_INIT?HD_CFG
  +--> ?PR?TIMER3_INIT?HD_CFG
  +--> ?PR?ADC_INIT?AD
  +--> ?PR?LCD_INIT?LCD
  +--> ?PR?IE_INIT?HD_CFG

?PR?SETSYSCLOCK?HD_CFG                -----    -----      -----    -----
  +--> ?PR?_DELAY?DELAY

?PR?ADC_INIT?AD                       -----    -----      -----    -----
  +--> ?PR?_ADCSELCHANNEL?AD

?PR?_ADCSELCHANNEL?AD                 -----    -----      -----    -----
  +--> ?CO?AD

?PR?ENTERRESET?SYSTEM                 -----    -----      -----    -----
  +--> ?PR?_READFLASH?SSP
  +--> ?PR?_ERASEFLASH?SSP
  +--> ?PR?_WRITEFLASH?SSP
  +--> ?PR?_LEDON?LED
  +--> ?CO?BUZZER
  +--> ?PR?_PLAYSOUND?BUZZER

?PR?_READFLASH?SSP                    -----    -----      002CH    0002H

?PR?_ERASEFLASH?SSP                   002AH.2  0000H.1    -----    -----

?PR?_WRITEFLASH?SSP                   002AH.2  0000H.1    002DH    0005H

?PR?ADCPROC?AD                        -----    -----      002BH    0004H
  +--> ?PR?_SORT16?AD
  +--> ?PR?_GETDEGREE?AD
  +--> ?PR?_ADCSELCHANNEL?AD
  +--> ?PR?_DELAY?DELAY

?PR?_SORT16?AD                        -----    -----      002FH    0009H

?PR?_GETDEGREE?AD                     -----    -----      002FH    0002H
  +--> ?CO?TABLES
  +--> ?PR?_DICHOTOMY_SEARCH?AD

?PR?_DICHOTOMY_SEARCH?AD              -----    -----      0031H    0008H

?PR?_LCDPROC?LCD                      -----    -----      002BH    0003H
  +--> ?PR?_LCDDISPMENUNUM?LCD
  +--> ?PR?_LCDDISPTEXTURE?LCD
BL51 BANKED LINKER/LOCATER V6.22                                                      01/05/2016  13:28:04  PAGE 6


  +--> ?PR?_LCDDISPPEOPLENUM?LCD
  +--> ?PR?_LCDDISPCOOKTEMP?LCD
  +--> ?PR?_LCDDISPCOOKTIME?LCD
  +--> ?PR?LCDDISPGIF?LCD
  +--> ?PR?_LCDDISPMOVIE?LCD
  +--> ?PR?_LCDDISPALL?LCD
  +--> ?PR?LCDDISPERROR?LCD
  +--> ?PR?_LCDDISPSELFCHK?LCD

?PR?_LCDDISPMENUNUM?LCD               002AH.2  0000H.1    -----    -----
  +--> ?CO?LCD
  +--> ?PR?_HEX8TOBCD?HEX8TOBCD

?PR?_LCDDISPTEXTURE?LCD               002AH.2  0000H.1    -----    -----

?PR?_LCDDISPPEOPLENUM?LCD             002AH.2  0000H.1    -----    -----
  +--> ?CO?LCD

?PR?_LCDDISPCOOKTEMP?LCD              002AH.2  0000H.1    0031H    0001H
  +--> ?PR?_HEX8TOBCD?HEX8TOBCD
  +--> ?CO?LCD

?PR?_LCDDISPCOOKTIME?LCD              002AH.2  0000H.1    002EH    0003H
  +--> ?PR?LCDCLEARNUM?LCD
  +--> ?PR?_LCDDISPNUM_LO?LCD
  +--> ?PR?_HEX8TOBCD?HEX8TOBCD
  +--> ?PR?_LCDDISPNUM_HI?LCD

?PR?_LCDDISPNUM_LO?LCD                -----    -----      -----    -----
  +--> ?CO?LCD

?PR?_LCDDISPNUM_HI?LCD                -----    -----      -----    -----
  +--> ?CO?LCD

?PR?LCDDISPERROR?LCD                  -----    -----      -----    -----
  +--> ?PR?_LCDDISPALL?LCD
  +--> ?PR?_LCDDISPNUM_LO?LCD

?PR?_LCDDISPSELFCHK?LCD               -----    -----      002EH    0003H
  +--> ?PR?_ADCGETDATA?AD
  +--> ?PR?_LCDDISPALL?LCD
  +--> ?PR?_LCDDISPNUM_HI?LCD
  +--> ?PR?_LCDDISPNUM_LO?LCD
  +--> ?PR?_CLRLEDBLANK?LED
  +--> ?PR?_LEDON?LED
  +--> ?PR?_LCDDISPCOOKTEMP?LCD

?PR?KEYPROC?KEY                       -----    -----      002BH    0002H
  +--> ?PR?GETKEYVAL?KEY
  +--> ?CO?BUZZER
  +--> ?PR?_PLAYSOUND?BUZZER

?PR?GETKEYVAL?KEY                     -----    -----      -----    -----
  +--> ?PR?I2C_READ?IIC

?PR?I2C_READ?IIC                      -----    -----      -----    -----
  +--> ?PR?I2C_STOP?IIC
BL51 BANKED LINKER/LOCATER V6.22                                                      01/05/2016  13:28:04  PAGE 7


  +--> ?PR?I2C_START?IIC
  +--> ?PR?_I2C_SENDBYTE?IIC
  +--> ?PR?I2C_RECBYTE?IIC
  +--> ?PR?I2C_ACK?IIC
  +--> ?PR?_DELAYS?IIC

?PR?I2C_STOP?IIC                      -----    -----      -----    -----
  +--> ?PR?_DELAYS?IIC

?PR?_DELAYS?IIC                       -----    -----      002FH    0001H

?PR?I2C_START?IIC                     -----    -----      -----    -----
  +--> ?PR?_DELAYS?IIC

?PR?_I2C_SENDBYTE?IIC                 -----    -----      002DH    0002H
  +--> ?PR?_DELAYS?IIC

?PR?I2C_RECBYTE?IIC                   -----    -----      002DH    0002H
  +--> ?PR?_DELAYS?IIC

?PR?I2C_ACK?IIC                       -----    -----      -----    -----
  +--> ?PR?_DELAYS?IIC

?PR?UIPROC?SYSTEM                     -----    -----      -----    -----
  +--> ?PR?RESETPROC?SYSTEM
  +--> ?PR?SETUPPROC?SYSTEM
  +--> ?PR?RUNPROC?SYSTEM
  +--> ?PR?WARMPROC?SYSTEM
  +--> ?PR?POWERDOWNPROC?SYSTEM
  +--> ?PR?ERRORPROC?SYSTEM
  +--> ?PR?SELFCHECKPROC?SYSTEM

?PR?RESETPROC?SYSTEM                  -----    -----      -----    -----
  +--> ?PR?ENTERDEFAULT?SYSTEM

?PR?ENTERDEFAULT?SYSTEM               -----    -----      -----    -----
  +--> ?PR?ENTERSETUP?SYSTEM
  +--> ?PR?_SETDIYMODEBYDIY?SYSTEM
  +--> ?PR?_SETDEFCOOKTIME?SYSTEM
  +--> ?PR?_SETDEFCOOKTEMP?SYSTEM
  +--> ?PR?_FUNCSETDISP?SYSTEM

?PR?ENTERSETUP?SYSTEM                 -----    -----      -----    -----
  +--> ?PR?RESETCURSCRIPT?SCRIPT
  +--> ?PR?_FUNCSETDISP?SYSTEM
  +--> ?PR?_LEDON?LED

?PR?_FUNCSETDISP?SYSTEM               -----    -----      002FH    0001H
  +--> ?PR?_CLRLEDBLANK?LED
  +--> ?PR?_SETLEDBLANK?LED
  +--> ?PR?_LCDDISPZONE1?LCD
  +--> ?PR?_LCDDISPZONE2?LCD
  +--> ?PR?_LCDDISPZONE3?LCD
  +--> ?PR?_LCDDISPZONE4?LCD
  +--> ?CO?LCD
  +--> ?PR?_PLAYGIF?LCD
  +--> ?PR?_LEDON?LED
BL51 BANKED LINKER/LOCATER V6.22                                                      01/05/2016  13:28:04  PAGE 8



?PR?_LCDDISPZONE3?LCD                 -----    -----      0031H    0006H
  +--> ?PR?_LCDDISPFOODCUPS?LCD
  +--> ?PR?_LCDDISPWATERML?LCD

?PR?_LCDDISPFOODCUPS?LCD              002AH.2  0000H.1    -----    -----
  +--> ?CO?LCD

?PR?_LCDDISPWATERML?LCD               002AH.2  0000H.1    -----    -----
  +--> ?CO?LCD

?PR?_LCDDISPZONE4?LCD                 -----    -----      0031H    0006H

?PR?_PLAYGIF?LCD                      -----    -----      0031H    0002H

?PR?_SETDIYMODEBYDIY?SYSTEM           -----    -----      002FH    0001H
  +--> ?PR?_SETDEFCOOKTIME?SYSTEM
  +--> ?PR?_SETDEFCOOKTEMP?SYSTEM

?PR?_SETDEFCOOKTIME?SYSTEM            -----    -----      0030H    0001H
  +--> ?CO?SYSTEM
  +--> ?PR?_BCD8TOHEX?BCD8TOHEX

?PR?_SETDEFCOOKTEMP?SYSTEM            -----    -----      -----    -----
  +--> ?CO?SYSTEM

?PR?SETUPPROC?SYSTEM                  -----    -----      002BH    0002H
  +--> ?PR?GETKEY?KEY
  +--> ?PR?_FUNCSETDISP?SYSTEM
  +--> ?PR?_LEDON?LED
  +--> ?PR?ISNEWKEY?KEY
  +--> ?PR?ENTERSETUP?SYSTEM
  +--> ?PR?_SETDIYMODEBYDIY?SYSTEM
  +--> ?PR?_SETDEFCOOKTIME?SYSTEM
  +--> ?PR?_SETDEFCOOKTEMP?SYSTEM
  +--> ?PR?ENTERDEFAULT?SYSTEM
  +--> ?CO?BUZZER
  +--> ?PR?_PLAYSOUND?BUZZER
  +--> ?PR?ENTERPOWERDOWN?SYSTEM
  +--> ?PR?ENTERWARM?SYSTEM
  +--> ?PR?_ERASEFLASH?SSP
  +--> ?PR?_WRITEFLASH?SSP
  +--> ?PR?_SETCUPSWATER?SYSTEM
  +--> ?PR?JUDGETIMEVALID?SYSTEM
  +--> ?PR?ENTERRUN?SYSTEM
  +--> ?PR?_CLRLEDBLANK?LED

?PR?ENTERPOWERDOWN?SYSTEM             -----    -----      -----    -----
  +--> ?PR?RESETCURSCRIPT?SCRIPT

?PR?ENTERWARM?SYSTEM                  -----    -----      -----    -----
  +--> ?PR?RESETCURSCRIPT?SCRIPT
  +--> ?PR?_LCDDISPZONE1?LCD
  +--> ?PR?_LCDDISPZONE2?LCD
  +--> ?PR?_LCDDISPZONE3?LCD
  +--> ?PR?_LCDDISPZONE4?LCD
  +--> ?PR?_PLAYGIF?LCD
BL51 BANKED LINKER/LOCATER V6.22                                                      01/05/2016  13:28:04  PAGE 9


  +--> ?PR?_CLRLEDBLANK?LED
  +--> ?PR?_SETLEDBLANK?LED
  +--> ?PR?_LEDON?LED

?PR?_SETCUPSWATER?SYSTEM              -----    -----      002DH    0001H
  +--> ?CO?SYSTEM

?PR?ENTERRUN?SYSTEM                   -----    -----      -----    -----
  +--> ?PR?_ERASEFLASH?SSP
  +--> ?PR?_WRITEFLASH?SSP
  +--> ?PR?_FUNCRUNDISP?SYSTEM
  +--> ?PR?_LOADVARPARAM?SYSTEM
  +--> ?PR?_SETCURSCRIPT?SCRIPT
  +--> ?PR?_ADCGETDATA?AD
  +--> ?PR?_LEDON?LED
  +--> ?CO?BUZZER
  +--> ?PR?_PLAYSOUND?BUZZER

?PR?_FUNCRUNDISP?SYSTEM               -----    -----      002DH    0003H
  +--> ?PR?_CLRLEDBLANK?LED
  +--> ?PR?_SETLEDBLANK?LED
  +--> ?PR?_LCDDISPZONE1?LCD
  +--> ?PR?_LCDDISPZONE2?LCD
  +--> ?PR?_LCDDISPZONE3?LCD
  +--> ?PR?_LCDDISPZONE4?LCD
  +--> ?PR?_LEDON?LED
  +--> ?CO?LCD
  +--> ?PR?_PLAYGIF?LCD
  +--> ?PR?GETSCRIPTSTAGE?SCRIPT
  +--> ?PR?_HEX8TOBCD?HEX8TOBCD
  +--> ?PR?_ADCGETDATA?AD

?PR?_LOADVARPARAM?SYSTEM              -----    -----      002DH    0002H
  +--> ?CO?TABLEFUNC

?PR?_SETCURSCRIPT?SCRIPT              -----    -----      -----    -----
  +--> ?CO?SCRIPT
  +--> ?PR?RESETCURSCRIPT?SCRIPT

?PR?RUNPROC?SYSTEM                    -----    -----      002BH    0002H
  +--> ?PR?GETKEY?KEY
  +--> ?PR?ISNEWKEY?KEY
  +--> ?PR?_FUNCRUNDISP?SYSTEM
  +--> ?CO?BUZZER
  +--> ?PR?_PLAYSOUND?BUZZER
  +--> ?PR?ENTERDEFAULT?SYSTEM
  +--> ?PR?JUDGETIMEVALID?SYSTEM
  +--> ?PR?_SETCUPSWATER?SYSTEM
  +--> ?PR?ENTERRUN?SYSTEM
  +--> ?PR?RESETCURSCRIPT?SCRIPT
  +--> ?PR?_DECTIME?TIME
  +--> ?PR?ENTERWARM?SYSTEM

?PR?WARMPROC?SYSTEM                   -----    -----      002BH    0004H
  +--> ?PR?_ADCGETDATA?AD
  +--> ?PR?GETKEY?KEY
  +--> ?PR?_INCTIME?TIME
BL51 BANKED LINKER/LOCATER V6.22                                                      01/05/2016  13:28:04  PAGE 10


  +--> ?PR?ENTERSETUP?SYSTEM
  +--> ?PR?_LCDDISPZONE1?LCD
  +--> ?PR?_LCDDISPZONE2?LCD
  +--> ?PR?_LCDDISPZONE3?LCD
  +--> ?PR?_LCDDISPZONE4?LCD
  +--> ?PR?_CLRLEDBLANK?LED
  +--> ?PR?_LEDON?LED
  +--> ?PR?_SETLEDBLANK?LED
  +--> ?PR?ISNEWKEY?KEY
  +--> ?CO?BUZZER
  +--> ?PR?_PLAYSOUND?BUZZER
  +--> ?PR?ENTERDEFAULT?SYSTEM

?PR?_INCTIME?TIME                     -----    -----      -----    -----
  +--> ?PR?_INCTIME_MIN?TIME

?PR?POWERDOWNPROC?SYSTEM              -----    -----      -----    -----
  +--> ?PR?GETKEY?KEY
  +--> ?PR?ISNEWKEY?KEY
  +--> ?PR?ENTERDEFAULT?SYSTEM
  +--> ?CO?BUZZER
  +--> ?PR?_PLAYSOUND?BUZZER
  +--> ?PR?_CLRLEDBLANK?LED

?PR?ERRORPROC?SYSTEM                  -----    -----      -----    -----
  +--> ?PR?GETKEY?KEY
  +--> ?PR?ISNEWKEY?KEY
  +--> ?PR?ENTERSETUP?SYSTEM
  +--> ?CO?BUZZER
  +--> ?PR?_PLAYSOUND?BUZZER

?PR?SELFCHECKPROC?SYSTEM              -----    -----      002BH    0002H
  +--> ?PR?GETKEY?KEY
  +--> ?PR?ISNEWKEY?KEY
  +--> ?PR?ENTERSETUP?SYSTEM
  +--> ?CO?BUZZER
  +--> ?PR?_PLAYSOUND?BUZZER

?PR?SOUNDPROC?BUZZER                  -----    -----      -----    -----
  +--> ?CO?BUZZER

?PR?SCRIPTPROC?SCRIPT                 -----    -----      002BH    0001H
  +--> ?PR?_SETBOTTEMP?SCRIPT
  +--> ?PR?_BYTEMP_CHGSTAGE?SCRIPT
  +--> ?PR?_BYTIME_CHGSTAGE?SCRIPT
  +--> ?PR?_HEAT_CTR?SCRIPT
  +--> ?PR?_OTHERCMDS?SCRIPT
  +--> ?PR?_CHANGESCRIPTSTAGE?SCRIPT
  +--> ?PR?ENTERRESET?SYSTEM

?PR?_SETBOTTEMP?SCRIPT                -----    -----      002CH    0002H
  +--> ?PR?_ADCGETDATA?AD

?PR?_BYTEMP_CHGSTAGE?SCRIPT           -----    -----      002CH    0005H
  +--> ?PR?_ADCGETDATA?AD

?PR?_BYTIME_CHGSTAGE?SCRIPT           -----    -----      002CH    0002H
BL51 BANKED LINKER/LOCATER V6.22                                                      01/05/2016  13:28:04  PAGE 11



?PR?_HEAT_CTR?SCRIPT                  -----    -----      002CH    0004H
  +--> ?PR?_ADCGETDATA?AD

?PR?_OTHERCMDS?SCRIPT                 -----    -----      002CH    0005H
  +--> ?PR?_ADCGETDATA?AD
  +--> ?PR?ENTERWARM?SYSTEM
  +--> ?CO?BUZZER
  +--> ?PR?_PLAYSOUND?BUZZER
  +--> ?PR?GETPOWERBYDT?SCRIPT

?PR?GETPOWERBYDT?SCRIPT               -----    -----      -----    -----
  +--> ?PR?_ADCGETDATA?AD

?PR?AUTOTESTACTIVATE?SYSTEM           -----    -----      -----    -----
  +--> ?CO?BUZZER
  +--> ?PR?_PLAYSOUND?BUZZER

?PR?FAULTCHECKPROC?SYSTEM             -----    -----      002BH    0006H
  +--> ?PR?_ADCGETDATA?AD
  +--> ?PR?_ADCGETVAL?AD
  +--> ?CO?BUZZER
  +--> ?PR?_PLAYSOUND?BUZZER

?PR?KEEPTEMPPROC?TEMPCTR              -----    -----      -----    -----
  +--> ?PR?_ADCGETDATA?AD



SYMBOL TABLE OF MODULE:  .\OBJ\Actigrains (?C_STARTUP)

  VALUE           TYPE          NAME
  ----------------------------------

  -------         MODULE        ?C_STARTUP
  C:4EFAH         SEGMENT       ?C_C51STARTUP
  I:00E4H         SEGMENT       ?STACK
  C:0000H         PUBLIC        ?C_STARTUP
  D:00E0H         SYMBOL        ACC
  D:00F0H         SYMBOL        B
  D:0083H         SYMBOL        DPH
  D:0082H         SYMBOL        DPL
  N:0000H         SYMBOL        IBPSTACK
  N:0100H         SYMBOL        IBPSTACKTOP
  N:0080H         SYMBOL        IDATALEN
  C:4EFDH         SYMBOL        IDATALOOP
  N:0000H         SYMBOL        PBPSTACK
  N:0100H         SYMBOL        PBPSTACKTOP
  N:0000H         SYMBOL        PDATALEN
  N:0000H         SYMBOL        PDATASTART
  N:0000H         SYMBOL        PPAGE
  N:0000H         SYMBOL        PPAGEENABLE
  D:00A0H         SYMBOL        PPAGE_SFR
  D:0081H         SYMBOL        SP
  C:4EFAH         SYMBOL        STARTUP1
  N:0000H         SYMBOL        XBPSTACK
  N:0000H         SYMBOL        XBPSTACKTOP
BL51 BANKED LINKER/LOCATER V6.22                                                      01/05/2016  13:28:04  PAGE 12


  N:0000H         SYMBOL        XDATALEN
  N:0000H         SYMBOL        XDATASTART
  C:0000H         LINE#         126
  C:4EFAH         LINE#         133
  C:4EFCH         LINE#         134
  C:4EFDH         LINE#         135
  C:4EFEH         LINE#         136
  C:4F00H         LINE#         185
  C:4F03H         LINE#         196
  -------         ENDMOD        ?C_STARTUP

  -------         MODULE        HD_CFG
  C:0000H         SYMBOL        _ICE_DUMMY_
  D:0080H         PUBLIC        P0
  D:0090H         PUBLIC        P1
  D:00A0H         PUBLIC        P2
  D:00B0H         PUBLIC        P3
  C:5345H         PUBLIC        Timer2_ISP
  D:00C0H         PUBLIC        P4
  C:0036H         PUBLIC        Timer3_ISP
  D:0080H         PUBLIC        P5
  B:00A8H.7       PUBLIC        EA
  D:00A8H         PUBLIC        IEN0
  D:00A9H         PUBLIC        IEN1
  B:0080H.3       PUBLIC        P0_3
  D:00E1H         PUBLIC        P0CR
  D:00E2H         PUBLIC        P1CR
  D:00E3H         PUBLIC        P2CR
  D:00E4H         PUBLIC        P3CR
  D:00E5H         PUBLIC        P4CR
  D:00E1H         PUBLIC        P5CR
  C:5C51H         PUBLIC        System_INIT
  D:00BAH         PUBLIC        IENC
  D:00CBH         PUBLIC        RCAP2H
  D:00EFH         PUBLIC        P0OS
  C:5D31H         SYMBOL        IE_INIT
  D:00CAH         PUBLIC        RCAP2L
  D:00B6H         PUBLIC        P0SS
  B:0020H.1       PUBLIC        bSys1S_BookTime
  D:009CH         PUBLIC        P1SS
  B:0020H.0       PUBLIC        bSys1S_CookTime
  D:009DH         PUBLIC        P2SS
  D:009EH         PUBLIC        P3SS
  D:00B2H         PUBLIC        CLKCON
  C:576BH         SYMBOL        Port_INIT
  X:004CH         PUBLIC        g_u16RelayDelayCnt
  D:006FH         PUBLIC        g_u8PwrOnlineCnt
  C:5C6BH         SYMBOL        Timer2_INIT
  B:00C8H.7       PUBLIC        TF2
  D:0086H         PUBLIC        INSCON
  C:5C16H         SYMBOL        Timer3_INIT
  B:0088H.7       PUBLIC        TF3
  D:00CDH         PUBLIC        TH2
  D:008DH         PUBLIC        TH3
  D:00BBH         PUBLIC        IENC1
  D:0020H         PUBLIC        SysTime
  D:00CCH         PUBLIC        TL2
BL51 BANKED LINKER/LOCATER V6.22                                                      01/05/2016  13:28:04  PAGE 13


  D:008CH         PUBLIC        TL3
  B:00C8H.2       PUBLIC        TR2
  B:0088H.2       PUBLIC        TR3
  B:0088H.4       PUBLIC        T3PS0
  B:0088H.5       PUBLIC        T3PS1
  C:5D11H         SYMBOL        SetSysClock
  B:0088H.0       PUBLIC        T3CLKS0
  D:00E9H         PUBLIC        P0PCR
  B:0088H.1       PUBLIC        T3CLKS1
  D:00EAH         PUBLIC        P1PCR
  D:00C9H         PUBLIC        T2MOD
  D:00C8H         PUBLIC        T2CON
  D:00EBH         PUBLIC        P2PCR
  D:00ECH         PUBLIC        P3PCR
  D:00EDH         PUBLIC        P4PCR
  D:00E9H         PUBLIC        P5PCR
  D:0070H         PUBLIC        m_u8SysTickCnt
  -------         PROC          SYSTEM_INIT
  C:5C51H         LINE#         59
  C:5C51H         LINE#         60
  C:5C51H         LINE#         61
  C:5C53H         LINE#         62
  C:5C56H         LINE#         63
  C:5C59H         LINE#         64
  C:5C5CH         LINE#         65
  C:5C5FH         LINE#         66
  C:5C62H         LINE#         67
  C:5C65H         LINE#         69
  C:5C68H         LINE#         70
  C:5C6AH         LINE#         71
  -------         ENDPROC       SYSTEM_INIT
  -------         PROC          SETSYSCLOCK
  C:5D11H         LINE#         81
  C:5D11H         LINE#         82
  C:5D11H         LINE#         83
  C:5D14H         LINE#         84
  C:5D17H         LINE#         85
  C:5D1EH         LINE#         86
  C:5D21H         LINE#         87
  -------         ENDPROC       SETSYSCLOCK
  -------         PROC          PORT_INIT
  C:576BH         LINE#         97
  C:576BH         LINE#         98
  C:576BH         LINE#         149
  C:576EH         LINE#         150
  C:5771H         LINE#         151
  C:5774H         LINE#         152
  C:5777H         LINE#         155
  C:577AH         LINE#         156
  C:577DH         LINE#         157
  C:577FH         LINE#         158
  C:5781H         LINE#         160
  C:5784H         LINE#         161
  C:5786H         LINE#         162
  C:5788H         LINE#         164
  C:578BH         LINE#         165
  C:578DH         LINE#         166
BL51 BANKED LINKER/LOCATER V6.22                                                      01/05/2016  13:28:04  PAGE 14


  C:578FH         LINE#         168
  C:5792H         LINE#         169
  C:5794H         LINE#         170
  C:5796H         LINE#         172
  C:5799H         LINE#         173
  C:579CH         LINE#         174
  C:579EH         LINE#         176
  C:57A4H         LINE#         177
  C:57A7H         LINE#         178
  C:57A9H         LINE#         179
  C:57ABH         LINE#         180
  C:57AEH         LINE#         181
  -------         ENDPROC       PORT_INIT
  -------         PROC          TIMER2_INIT
  C:5C6BH         LINE#         191
  C:5C6BH         LINE#         192
  C:5C6BH         LINE#         193
  C:5C6DH         LINE#         194
  C:5C6FH         LINE#         195
  C:5C72H         LINE#         196
  C:5C74H         LINE#         197
  C:5C77H         LINE#         198
  C:5C7AH         LINE#         199
  C:5C7DH         LINE#         200
  C:5C80H         LINE#         201
  C:5C82H         LINE#         202
  -------         ENDPROC       TIMER2_INIT
  -------         PROC          TIMER3_INIT
  C:5C16H         LINE#         232
  C:5C16H         LINE#         233
  C:5C16H         LINE#         234
  C:5C1CH         LINE#         235
  C:5C1EH         LINE#         236
  C:5C20H         LINE#         237
  C:5C22H         LINE#         238
  C:5C24H         LINE#         239
  C:5C26H         LINE#         240
  C:5C28H         LINE#         241
  C:5C2BH         LINE#         242
  C:5C2EH         LINE#         243
  C:5C30H         LINE#         244
  C:5C33H         LINE#         245
  -------         ENDPROC       TIMER3_INIT
  -------         PROC          IE_INIT
  C:5D31H         LINE#         254
  C:5D31H         LINE#         255
  C:5D31H         LINE#         260
  C:5D34H         LINE#         261
  C:5D37H         LINE#         262
  C:5D3AH         LINE#         263
  C:5D3DH         LINE#         264
  -------         ENDPROC       IE_INIT
  -------         PROC          TIMER2_ISP
  -------         DO            
  D:0007H         SYMBOL        u8Bankbak
  -------         ENDDO         
  C:5345H         LINE#         274
BL51 BANKED LINKER/LOCATER V6.22                                                      01/05/2016  13:28:04  PAGE 15


  C:5352H         LINE#         276
  C:5354H         LINE#         278
  C:5357H         LINE#         279
  C:5359H         LINE#         280
  C:535BH         LINE#         282
  C:535DH         LINE#         284
  C:5364H         LINE#         285
  C:5364H         LINE#         286
  C:5367H         LINE#         287
  C:5369H         LINE#         288
  C:5369H         LINE#         290
  C:536CH         LINE#         291
  C:536CH         LINE#         292
  C:536FH         LINE#         293
  C:536FH         LINE#         294
  C:5372H         LINE#         295
  C:5372H         LINE#         296
  C:5374H         LINE#         297
  C:5376H         LINE#         299
  C:5376H         LINE#         300
  C:5378H         LINE#         301
  C:5378H         LINE#         302
  C:5378H         LINE#         304
  C:5387H         LINE#         305
  C:5387H         LINE#         306
  C:5393H         LINE#         307
  C:5393H         LINE#         308
  C:5395H         LINE#         310
  C:5395H         LINE#         311
  C:539CH         LINE#         312
  C:539EH         LINE#         313
  C:539EH         LINE#         315
  C:53A0H         LINE#         316
  C:53A2H         LINE#         317
  -------         ENDPROC       TIMER2_ISP
  -------         PROC          TIMER3_ISP
  -------         DO            
  D:0007H         SYMBOL        u8Bankbak
  -------         ENDDO         
  C:0036H         LINE#         327
  C:003DH         LINE#         329
  C:003FH         LINE#         331
  C:0042H         LINE#         332
  C:0044H         LINE#         334
  C:004AH         LINE#         335
  C:004CH         LINE#         336
  C:004FH         LINE#         338
  C:0052H         LINE#         339
  C:0054H         LINE#         340
  C:0056H         LINE#         341
  -------         ENDPROC       TIMER3_ISP
  -------         ENDMOD        HD_CFG

  -------         MODULE        AD
  C:0000H         SYMBOL        _ICE_DUMMY_
  I:0072H         PUBLIC        g_u8ADResult
  D:0080H         PUBLIC        P0
BL51 BANKED LINKER/LOCATER V6.22                                                      01/05/2016  13:28:04  PAGE 16


  D:0090H         PUBLIC        P1
  I:0074H         PUBLIC        u16ADBuf
  D:00A0H         PUBLIC        P2
  D:00B0H         PUBLIC        P3
  D:00C0H         PUBLIC        P4
  D:0080H         PUBLIC        P5
  B:00A8H.7       PUBLIC        EA
  C:5D3EH         PUBLIC        _ADCGetVal
  D:0095H         PUBLIC        ADCH
  C:4723H         PUBLIC        _Sort16
  D:0097H         PUBLIC        ADDH
  C:47E6H         PUBLIC        ADC_ISP
  D:0096H         PUBLIC        ADDL
  D:0092H         PUBLIC        ADCON1
  I:0094H         PUBLIC        g_u16ADValue
  C:5C00H         SYMBOL        _ADCSelChannel
  I:0098H         PUBLIC        u16AdTempBuf
  D:0086H         PUBLIC        INSCON
  I:009EH         PUBLIC        u8AdVCnt
  D:0094H         PUBLIC        ADT
  I:009FH         PUBLIC        u16AdVValue
  D:001CH         PUBLIC        u8ADCnt
  C:5CD9H         PUBLIC        ADC_INIT
  C:40FAH         PUBLIC        ADCProc
  D:001DH         PUBLIC        u8CurCH
  D:0093H         PUBLIC        ADCON
  C:5D5FH         PUBLIC        _ADCGetData
  D:001EH         PUBLIC        u8ChgCnt
  C:5D76H         PUBLIC        CHNO2ID
  C:4DDEH         SYMBOL        _Dichotomy_Search
  C:4C1CH         SYMBOL        _GetDegree
  D:001FH         PUBLIC        u8CurCHID
  I:00A1H         PUBLIC        u16AdVBuf
  -------         PROC          ADC_ISP
  -------         DO            
  D:0004H         SYMBOL        u16AdTemp
  D:0001H         SYMBOL        u8Bankbak
  -------         ENDDO         
  C:47E6H         LINE#         73
  C:47FDH         LINE#         76
  C:47FFH         LINE#         78
  C:4802H         LINE#         79
  C:4804H         LINE#         80
  C:4807H         LINE#         82
  C:480AH         LINE#         83
  C:480AH         LINE#         85
  C:4819H         LINE#         86
  C:4821H         LINE#         87
  C:482AH         LINE#         88
  C:482AH         LINE#         89
  C:482CH         LINE#         90
  C:4848H         LINE#         91
  C:484EH         LINE#         92
  C:4853H         LINE#         93
  C:4853H         LINE#         94
  C:4853H         LINE#         95
  C:4853H         LINE#         97
BL51 BANKED LINKER/LOCATER V6.22                                                      01/05/2016  13:28:04  PAGE 17


  C:4853H         LINE#         98
  C:4855H         LINE#         99
  C:4855H         LINE#         100
  C:4855H         LINE#         101
  C:4855H         LINE#         102
  C:4857H         LINE#         104
  C:4857H         LINE#         105
  C:4867H         LINE#         106
  C:4876H         LINE#         108
  C:487DH         LINE#         109
  C:487DH         LINE#         110
  C:4880H         LINE#         111
  C:4882H         LINE#         114
  C:4885H         LINE#         115
  C:4888H         LINE#         116
  C:488AH         LINE#         118
  C:488AH         LINE#         119
  C:488DH         LINE#         120
  C:488DH         LINE#         121
  C:488DH         LINE#         123
  C:488FH         LINE#         124
  C:4891H         LINE#         125
  -------         ENDPROC       ADC_ISP
  -------         PROC          ADC_INIT
  C:5CD9H         LINE#         135
  C:5CD9H         LINE#         136
  C:5CD9H         LINE#         137
  C:5CDCH         LINE#         138
  C:5CDFH         LINE#         139
  C:5CE2H         LINE#         142
  C:5CE5H         LINE#         143
  C:5CE5H         LINE#         144
  C:5CE8H         LINE#         145
  C:5CEBH         LINE#         146
  -------         ENDPROC       ADC_INIT
  -------         PROC          L?0065
  -------         ENDPROC       L?0065
  -------         PROC          _ADCSELCHANNEL
  D:0007H         SYMBOL        u8CH
  C:5C00H         LINE#         156
  C:5C00H         LINE#         157
  C:5C00H         LINE#         158
  C:5C03H         LINE#         159
  C:5C06H         LINE#         160
  C:5C09H         LINE#         162
  C:5C0FH         LINE#         163
  C:5C15H         LINE#         164
  -------         ENDPROC       _ADCSELCHANNEL
  -------         PROC          _ADCGETDATA
  D:0007H         SYMBOL        u8CH
  C:5D5FH         LINE#         174
  C:5D5FH         LINE#         175
  C:5D5FH         LINE#         176
  C:5D65H         LINE#         177
  -------         ENDPROC       _ADCGETDATA
  -------         PROC          _ADCGETVAL
  D:0007H         SYMBOL        u8CH
BL51 BANKED LINKER/LOCATER V6.22                                                      01/05/2016  13:28:04  PAGE 18


  C:5D3EH         LINE#         187
  C:5D3EH         LINE#         188
  C:5D3EH         LINE#         189
  C:5D49H         LINE#         190
  -------         ENDPROC       _ADCGETVAL
  -------         PROC          _GETDEGREE
  D:002FH         SYMBOL        adData
  D:0005H         SYMBOL        u8CH
  -------         DO            
  D:0007H         SYMBOL        i
  -------         ENDDO         
  C:4C1CH         LINE#         200
  C:4C20H         LINE#         201
  C:4C20H         LINE#         202
  C:4C22H         LINE#         203
  C:4C28H         LINE#         205
  C:4C32H         LINE#         206
  C:4C32H         LINE#         207
  C:4C32H         LINE#         209
  C:4C47H         LINE#         210
  C:4C47H         LINE#         212
  C:4C55H         LINE#         213
  C:4C57H         LINE#         215
  C:4C57H         LINE#         216
  C:4C64H         LINE#         217
  C:4C71H         LINE#         218
  C:4C71H         LINE#         219
  C:4C73H         LINE#         221
  C:4C73H         LINE#         223
  C:4C88H         LINE#         224
  C:4C88H         LINE#         226
  C:4C99H         LINE#         227
  C:4C9BH         LINE#         229
  C:4C9BH         LINE#         230
  C:4CA8H         LINE#         231
  C:4CB5H         LINE#         232
  C:4CB5H         LINE#         234
  C:4CB5H         LINE#         235
  C:4CB5H         LINE#         236
  C:4CB5H         LINE#         238
  C:4CB5H         LINE#         239
  -------         ENDPROC       _GETDEGREE
  -------         PROC          _SORT16
  D:002FH         SYMBOL        pDat
  D:0032H         SYMBOL        u8Size
  -------         DO            
  D:0033H         SYMBOL        i
  D:0034H         SYMBOL        j
  D:0035H         SYMBOL        tag
  D:0036H         SYMBOL        temp
  -------         ENDDO         
  C:4723H         LINE#         271
  C:472BH         LINE#         272
  C:472BH         LINE#         273
  C:472EH         LINE#         276
  C:4747H         LINE#         277
  C:4747H         LINE#         278
BL51 BANKED LINKER/LOCATER V6.22                                                      01/05/2016  13:28:04  PAGE 19


  C:474AH         LINE#         279
  C:475CH         LINE#         280
  C:475CH         LINE#         281
  C:4791H         LINE#         282
  C:4791H         LINE#         283
  C:4795H         LINE#         284
  C:47BEH         LINE#         285
  C:47D8H         LINE#         286
  C:47DBH         LINE#         287
  C:47DBH         LINE#         288
  C:47E0H         LINE#         289
  C:47E5H         LINE#         290
  -------         ENDPROC       _SORT16
  -------         PROC          _DICHOTOMY_SEARCH
  D:0031H         SYMBOL        u8Array
  D:0005H         SYMBOL        n
  D:0035H         SYMBOL        u8Key
  -------         DO            
  D:0037H         SYMBOL        u8Low
  D:0038H         SYMBOL        u8High
  D:0005H         SYMBOL        u8Mid
  -------         ENDDO         
  C:4DDEH         LINE#         300
  C:4DE4H         LINE#         301
  C:4DE4H         LINE#         303
  C:4DE7H         LINE#         304
  C:4DEAH         LINE#         306
  C:4DEAH         LINE#         307
  C:4DF6H         LINE#         308
  C:4E13H         LINE#         309
  C:4E37H         LINE#         310
  C:4E3AH         LINE#         311
  C:4E3AH         LINE#         314
  C:4E40H         LINE#         315
  C:4E5FH         LINE#         316
  C:4E64H         LINE#         318
  C:4E67H         LINE#         319
  C:4E69H         LINE#         320
  C:4E6BH         LINE#         321
  -------         ENDPROC       _DICHOTOMY_SEARCH
  -------         PROC          ADCPROC
  -------         DO            
  D:0006H         SYMBOL        u16AdTemp
  D:002BH         SYMBOL        i
  D:002CH         SYMBOL        j
  D:002DH         SYMBOL        u16Tmp
  -------         ENDDO         
  C:40FAH         LINE#         331
  C:40FAH         LINE#         332
  C:40FAH         LINE#         337
  C:4100H         LINE#         338
  C:4100H         LINE#         339
  C:4103H         LINE#         340
  C:4105H         LINE#         343
  C:410FH         LINE#         344
  C:4116H         LINE#         345
  C:4129H         LINE#         348
BL51 BANKED LINKER/LOCATER V6.22                                                      01/05/2016  13:28:04  PAGE 20


  C:412BH         LINE#         349
  C:4135H         LINE#         350
  C:4135H         LINE#         351
  C:4138H         LINE#         352
  C:413AH         LINE#         353
  C:4143H         LINE#         354
  C:4143H         LINE#         355
  C:4145H         LINE#         357
  C:4147H         LINE#         358
  C:4147H         LINE#         359
  C:414CH         LINE#         360
  C:414EH         LINE#         361
  C:414EH         LINE#         362
  C:4169H         LINE#         363
  C:4170H         LINE#         364
  C:4181H         LINE#         365
  C:418DH         LINE#         366
  C:419DH         LINE#         367
  C:41A6H         LINE#         369
  C:41A9H         LINE#         370
  C:41A9H         LINE#         371
  C:41ACH         LINE#         372
  C:41ACH         LINE#         373
  C:41D2H         LINE#         374
  C:41D9H         LINE#         375
  C:41E0H         LINE#         376
  C:41E0H         LINE#         377
  C:41E0H         LINE#         379
  C:41E0H         LINE#         380
  C:41E3H         LINE#         381
  C:41E6H         LINE#         382
  C:41EDH         LINE#         383
  C:41F0H         LINE#         384
  C:41F0H         LINE#         385
  -------         ENDPROC       ADCPROC
  -------         ENDMOD        AD

  -------         MODULE        BUZZER
  C:0000H         SYMBOL        _ICE_DUMMY_
  D:0080H         PUBLIC        P0
  D:0060H         PUBLIC        m_u8pMusicBak
  D:0090H         PUBLIC        P1
  D:00A0H         PUBLIC        P2
  D:00B0H         PUBLIC        P3
  D:00C0H         PUBLIC        P4
  D:0080H         PUBLIC        P5
  C:5A7CH         PUBLIC        MusicCycleEnd
  B:0080H.2       PUBLIC        P5_2
  C:5A79H         PUBLIC        MusicInputFood
  C:5008H         PUBLIC        SoundProc
  C:5D22H         PUBLIC        _PlaySound
  D:0062H         PUBLIC        m_u8OffTime
  C:5A76H         PUBLIC        MusicCountDown
  C:5A72H         PUBLIC        MusicCookEnd
  C:5A80H         PUBLIC        MusicAchievedTemp
  C:5A65H         PUBLIC        MusicKeyDown
  D:0063H         PUBLIC        m_u8OnTime
BL51 BANKED LINKER/LOCATER V6.22                                                      01/05/2016  13:28:04  PAGE 21


  D:0086H         PUBLIC        INSCON
  C:5A67H         PUBLIC        MusicSysError
  C:5A7FH         PUBLIC        MusicOFF
  D:0064H         PUBLIC        m_u8pMusic
  C:5A63H         PUBLIC        MusicPoweron
  C:5A57H         PUBLIC        MetroTable
  -------         PROC          _PLAYSOUND
  D:0006H         SYMBOL        pMusic
  C:5D22H         LINE#         108
  C:5D22H         LINE#         109
  C:5D22H         LINE#         110
  C:5D2AH         LINE#         111
  C:5D2DH         LINE#         112
  C:5D30H         LINE#         113
  -------         ENDPROC       _PLAYSOUND
  -------         PROC          SOUNDPROC
  -------         DO            
  D:0007H         SYMBOL        u8Tmp
  -------         ENDDO         
  C:5008H         LINE#         123
  C:5008H         LINE#         124
  C:5008H         LINE#         127
  C:500FH         LINE#         128
  C:500FH         LINE#         129
  C:5011H         LINE#         130
  C:5012H         LINE#         132
  C:5012H         LINE#         133
  C:5019H         LINE#         134
  C:5019H         LINE#         140
  C:501FH         LINE#         141
  C:5021H         LINE#         142
  C:5024H         LINE#         144
  C:5026H         LINE#         146
  C:502AH         LINE#         147
  C:502AH         LINE#         149
  C:5032H         LINE#         150
  C:5034H         LINE#         151
  C:5035H         LINE#         154
  C:5035H         LINE#         156
  C:5035H         LINE#         157
  C:5038H         LINE#         158
  C:5038H         LINE#         160
  C:503EH         LINE#         161
  C:5041H         LINE#         162
  C:5045H         LINE#         164
  C:5045H         LINE#         166
  C:5048H         LINE#         167
  C:5059H         LINE#         169
  C:506AH         LINE#         170
  C:506DH         LINE#         171
  C:507DH         LINE#         176
  C:5083H         LINE#         177
  C:5085H         LINE#         178
  C:5088H         LINE#         179
  C:5088H         LINE#         180
  C:5088H         LINE#         181
  C:5088H         LINE#         182
BL51 BANKED LINKER/LOCATER V6.22                                                      01/05/2016  13:28:04  PAGE 22


  C:5088H         LINE#         183
  -------         ENDPROC       SOUNDPROC
  -------         ENDMOD        BUZZER

  -------         MODULE        LED
  C:0000H         SYMBOL        _ICE_DUMMY_
  D:0080H         PUBLIC        P0
  D:0090H         PUBLIC        P1
  D:00A0H         PUBLIC        P2
  D:00B0H         PUBLIC        P3
  D:00C0H         PUBLIC        P4
  D:0080H         PUBLIC        P5
  B:0080H.3       PUBLIC        P5_3
  C:5D66H         PUBLIC        _ClrLedBlank
  D:006CH         SYMBOL        g_u8LedBuf
  C:4CB6H         PUBLIC        LedProc
  C:5D6DH         PUBLIC        _SetLedBlank
  D:006DH         SYMBOL        g_u8LedVal
  D:0086H         PUBLIC        INSCON
  C:002EH         PUBLIC        _LedOn
  X:004EH         PUBLIC        g_u8LedTxDAT1
  X:004FH         PUBLIC        g_u8LedTxDAT2
  D:006EH         SYMBOL        g_u8LedBlank
  -------         PROC          _SETLEDBLANK
  D:0007H         SYMBOL        u8Led
  C:5D6DH         LINE#         60
  C:5D6DH         LINE#         61
  C:5D6DH         LINE#         62
  C:5D70H         LINE#         63
  C:5D72H         LINE#         64
  -------         ENDPROC       _SETLEDBLANK
  -------         PROC          _CLRLEDBLANK
  D:0007H         SYMBOL        u8Led
  C:5D66H         LINE#         74
  C:5D66H         LINE#         75
  C:5D66H         LINE#         76
  C:5D6AH         LINE#         77
  C:5D6CH         LINE#         78
  -------         ENDPROC       _CLRLEDBLANK
  -------         PROC          _LEDON
  D:0007H         SYMBOL        u8Led
  C:002EH         LINE#         88
  C:002EH         LINE#         89
  C:002EH         LINE#         90
  C:0031H         LINE#         91
  -------         ENDPROC       _LEDON
  -------         PROC          LEDPROC
  C:4CB6H         LINE#         101
  C:4CB6H         LINE#         102
  C:4CB6H         LINE#         103
  C:4CBBH         LINE#         104
  C:4CBDH         LINE#         106
  C:4CC0H         LINE#         107
  C:4CC0H         LINE#         108
  C:4CC3H         LINE#         109
  C:4CC7H         LINE#         111
  C:4CC9H         LINE#         112
BL51 BANKED LINKER/LOCATER V6.22                                                      01/05/2016  13:28:04  PAGE 23


  C:4CC9H         LINE#         114
  C:4CCCH         LINE#         115
  C:4CCCH         LINE#         116
  C:4CCFH         LINE#         117
  C:4CD1H         LINE#         119
  C:4CD1H         LINE#         120
  C:4CD8H         LINE#         121
  C:4CD8H         LINE#         123
  C:4CDEH         LINE#         124
  C:4CDEH         LINE#         125
  C:4CE4H         LINE#         126
  C:4CE6H         LINE#         127
  C:4CE9H         LINE#         128
  C:4CEAH         LINE#         130
  C:4CEAH         LINE#         131
  C:4CEFH         LINE#         132
  C:4CEFH         LINE#         133
  C:4CF6H         LINE#         134
  C:4CF6H         LINE#         136
  C:4CFBH         LINE#         137
  C:4CFBH         LINE#         138
  C:4D02H         LINE#         139
  C:4D02H         LINE#         141
  C:4D07H         LINE#         142
  C:4D07H         LINE#         143
  C:4D0EH         LINE#         144
  C:4D0EH         LINE#         146
  C:4D13H         LINE#         147
  C:4D13H         LINE#         148
  C:4D1AH         LINE#         149
  C:4D1AH         LINE#         151
  C:4D1FH         LINE#         152
  C:4D1FH         LINE#         153
  C:4D26H         LINE#         154
  C:4D26H         LINE#         156
  C:4D2BH         LINE#         157
  C:4D2BH         LINE#         158
  C:4D31H         LINE#         159
  C:4D33H         LINE#         160
  C:4D33H         LINE#         161
  C:4D35H         LINE#         163
  C:4D35H         LINE#         164
  C:4D3BH         LINE#         165
  C:4D3DH         LINE#         166
  C:4D40H         LINE#         167
  C:4D40H         LINE#         169
  C:4D4BH         LINE#         170
  C:4D4BH         LINE#         171
  -------         ENDPROC       LEDPROC
  -------         ENDMOD        LED

  -------         MODULE        KEY
  C:0000H         SYMBOL        _ICE_DUMMY_
  D:0080H         PUBLIC        P0
  D:0090H         PUBLIC        P1
  D:00A0H         PUBLIC        P2
  D:00B0H         PUBLIC        P3
BL51 BANKED LINKER/LOCATER V6.22                                                      01/05/2016  13:28:04  PAGE 24


  D:00C0H         PUBLIC        P4
  D:0080H         PUBLIC        P5
  B:002AH.0       PUBLIC        bLidOCDEn
  C:5D4AH         PUBLIC        IsNewKey
  B:0080H.4       PUBLIC        P0_4
  D:003CH         PUBLIC        g_u16KeyUpAct
  D:003EH         PUBLIC        g_u16KeyRpyCnt
  X:0052H         PUBLIC        m_u8LidOCDcnt
  C:5108H         PUBLIC        KeyProc
  C:5D55H         PUBLIC        GetKey
  D:0040H         SYMBOL        m_u16KeyAct
  C:4AD0H         PUBLIC        GetKeyVal
  D:0042H         PUBLIC        m_u16KeyVal
  -------         PROC          GETKEYVAL
  -------         DO            
  D:0006H         SYMBOL        apk
  -------         ENDDO         
  C:4AD0H         LINE#         55
  C:4AD0H         LINE#         56
  C:4AD0H         LINE#         59
  C:4AD3H         LINE#         60
  C:4AD3H         LINE#         62
  C:4AD6H         LINE#         63
  C:4AD6H         LINE#         64
  C:4ADCH         LINE#         65
  C:4AE2H         LINE#         66
  C:4AE2H         LINE#         67
  C:4AE4H         LINE#         68
  C:4AE6H         LINE#         69
  C:4AE6H         LINE#         70
  C:4AE8H         LINE#         77
  C:4AE8H         LINE#         79
  C:4AEBH         LINE#         80
  C:4AEBH         LINE#         81
  C:4AF1H         LINE#         82
  C:4AF7H         LINE#         83
  C:4AF7H         LINE#         84
  C:4AF9H         LINE#         85
  C:4AFBH         LINE#         86
  C:4AFBH         LINE#         87
  C:4AFDH         LINE#         89
  C:4AFDH         LINE#         90
  C:4B02H         LINE#         91
  C:4B02H         LINE#         92
  C:4B02H         LINE#         94
  C:4B07H         LINE#         95
  C:4B0AH         LINE#         96
  C:4B0DH         LINE#         97
  C:4B0DH         LINE#         98
  C:4B18H         LINE#         99
  C:4B1FH         LINE#         100
  C:4B1FH         LINE#         101
  C:4B26H         LINE#         102
  C:4B30H         LINE#         103
  C:4B3BH         LINE#         104
  C:4B42H         LINE#         105
  C:4B49H         LINE#         106
BL51 BANKED LINKER/LOCATER V6.22                                                      01/05/2016  13:28:04  PAGE 25


  C:4B50H         LINE#         107
  C:4B57H         LINE#         108
  C:4B5EH         LINE#         109
  C:4B65H         LINE#         110
  C:4B6CH         LINE#         111
  C:4B73H         LINE#         112
  C:4B73H         LINE#         113
  C:4B73H         LINE#         114
  C:4B77H         LINE#         115
  -------         ENDPROC       GETKEYVAL
  -------         PROC          KEYPROC
  -------         DO            
  D:0039H         SYMBOL        u8KeyPressCnt
  D:003AH         SYMBOL        u16PrevKey
  D:002BH         SYMBOL        u16Key
  -------         ENDDO         
  C:5108H         LINE#         135
  C:5108H         LINE#         136
  C:5108H         LINE#         139
  C:510FH         LINE#         141
  C:511BH         LINE#         142
  C:511BH         LINE#         143
  C:511DH         LINE#         145
  C:5124H         LINE#         146
  C:5124H         LINE#         147
  C:512AH         LINE#         149
  C:5130H         LINE#         150
  C:5130H         LINE#         151
  C:5132H         LINE#         152
  C:5134H         LINE#         154
  C:5134H         LINE#         155
  C:5136H         LINE#         156
  C:5136H         LINE#         158
  C:513EH         LINE#         159
  C:5141H         LINE#         160
  C:5141H         LINE#         161
  C:5144H         LINE#         162
  C:5146H         LINE#         163
  C:514FH         LINE#         164
  C:514FH         LINE#         165
  C:5155H         LINE#         166
  C:5158H         LINE#         167
  C:5158H         LINE#         168
  C:515FH         LINE#         169
  C:515FH         LINE#         170
  C:515FH         LINE#         171
  C:515FH         LINE#         179
  C:515FH         LINE#         180
  C:5162H         LINE#         181
  C:5162H         LINE#         182
  C:5164H         LINE#         183
  C:5166H         LINE#         185
  C:5166H         LINE#         186
  C:5168H         LINE#         187
  C:5168H         LINE#         188
  C:516DH         LINE#         189
  C:5171H         LINE#         190
BL51 BANKED LINKER/LOCATER V6.22                                                      01/05/2016  13:28:04  PAGE 26


  C:5173H         LINE#         191
  C:5179H         LINE#         192
  C:517CH         LINE#         193
  C:517CH         LINE#         194
  -------         ENDPROC       KEYPROC
  -------         PROC          GETKEY
  -------         DO            
  D:0006H         SYMBOL        u16Ret
  -------         ENDDO         
  C:5D55H         LINE#         204
  C:5D55H         LINE#         205
  C:5D55H         LINE#         206
  C:5D59H         LINE#         207
  C:5D5EH         LINE#         208
  C:5D5EH         LINE#         209
  -------         ENDPROC       GETKEY
  -------         PROC          ISNEWKEY
  C:5D4AH         LINE#         219
  C:5D4AH         LINE#         220
  C:5D4AH         LINE#         221
  C:5D4DH         LINE#         222
  C:5D4DH         LINE#         223
  C:5D4FH         LINE#         224
  C:5D52H         LINE#         225
  C:5D52H         LINE#         226
  C:5D54H         LINE#         227
  -------         ENDPROC       ISNEWKEY
  -------         ENDMOD        KEY

  -------         MODULE        SSP
  C:0000H         SYMBOL        _ICE_DUMMY_
  D:00F3H         PUBLIC        IB_CON2
  C:4D4CH         PUBLIC        _WriteFlash
  D:0080H         PUBLIC        P0
  D:00F4H         PUBLIC        IB_CON3
  D:0090H         PUBLIC        P1
  D:00F5H         PUBLIC        IB_CON4
  D:00A0H         PUBLIC        P2
  D:00F6H         PUBLIC        IB_CON5
  D:00B0H         PUBLIC        P3
  D:00C0H         PUBLIC        P4
  D:0080H         PUBLIC        P5
  B:00A8H.7       PUBLIC        EA
  D:00FCH         PUBLIC        IB_DATA
  D:00FBH         PUBLIC        IB_OFFSET
  D:00A7H         PUBLIC        FLASHCON
  I:00E3H         PUBLIC        SSP_Flag
  C:58E2H         PUBLIC        _EraseFlash
  C:5A83H         PUBLIC        _ReadFlash
  X:0000H         PUBLIC        Flash
  D:00F7H         PUBLIC        XPAGE
  D:00F2H         PUBLIC        IB_CON1
  -------         PROC          _ERASEFLASH
  D:0006H         SYMBOL        flashaddr
  -------         DO            
  B:002AH.2       SYMBOL        EA_BAK
  -------         ENDDO         
BL51 BANKED LINKER/LOCATER V6.22                                                      01/05/2016  13:28:04  PAGE 27


  C:58E2H         LINE#         55
  C:58E2H         LINE#         56
  C:58E2H         LINE#         57
  C:58E6H         LINE#         60
  C:58E8H         LINE#         62
  C:58EDH         LINE#         63
  C:58F0H         LINE#         65
  C:58F6H         LINE#         66
  C:58F6H         LINE#         67
  C:58F9H         LINE#         68
  C:58FCH         LINE#         69
  C:58FFH         LINE#         70
  C:5902H         LINE#         71
  C:5905H         LINE#         73
  C:5906H         LINE#         74
  C:5907H         LINE#         75
  C:5908H         LINE#         76
  C:5909H         LINE#         77
  C:590BH         LINE#         79
  C:590BH         LINE#         80
  C:590EH         LINE#         81
  C:590EH         LINE#         83
  C:5912H         LINE#         84
  C:5914H         LINE#         85
  C:5916H         LINE#         87
  C:591AH         LINE#         88
  -------         ENDPROC       _ERASEFLASH
  -------         PROC          _WRITEFLASH
  D:002DH         SYMBOL        flashaddr
  D:002FH         SYMBOL        ptr
  -------         DO            
  D:0005H         SYMBOL        i
  B:002AH.2       SYMBOL        EA_BAK
  -------         ENDDO         
  C:4D4CH         LINE#         97
  C:4D56H         LINE#         98
  C:4D56H         LINE#         100
  C:4D5AH         LINE#         102
  C:4D5CH         LINE#         104
  C:4D62H         LINE#         105
  C:4D66H         LINE#         106
  C:4D69H         LINE#         108
  C:4D6CH         LINE#         110
  C:4D73H         LINE#         111
  C:4D73H         LINE#         112
  C:4D76H         LINE#         113
  C:4D79H         LINE#         114
  C:4D7CH         LINE#         115
  C:4D7FH         LINE#         116
  C:4D82H         LINE#         118
  C:4D83H         LINE#         119
  C:4D84H         LINE#         120
  C:4D85H         LINE#         121
  C:4D86H         LINE#         123
  C:4D8EH         LINE#         124
  C:4D90H         LINE#         125
  C:4D90H         LINE#         126
BL51 BANKED LINKER/LOCATER V6.22                                                      01/05/2016  13:28:04  PAGE 28


  C:4D96H         LINE#         127
  C:4D9AH         LINE#         128
  C:4D9DH         LINE#         129
  C:4DADH         LINE#         130
  C:4DB0H         LINE#         131
  C:4DB3H         LINE#         132
  C:4DB6H         LINE#         133
  C:4DB9H         LINE#         134
  C:4DBCH         LINE#         135
  C:4DBDH         LINE#         136
  C:4DBEH         LINE#         137
  C:4DBFH         LINE#         138
  C:4DC0H         LINE#         139
  C:4DC8H         LINE#         140
  C:4DCEH         LINE#         141
  C:4DCEH         LINE#         143
  C:4DCEH         LINE#         144
  C:4DD1H         LINE#         145
  C:4DD1H         LINE#         147
  C:4DD5H         LINE#         148
  C:4DD7H         LINE#         149
  C:4DD9H         LINE#         151
  C:4DDDH         LINE#         152
  -------         ENDPROC       _WRITEFLASH
  -------         PROC          _READFLASH
  D:002CH         SYMBOL        flashaddr
  D:0001H         SYMBOL        ptr
  -------         DO            
  D:0007H         SYMBOL        i
  -------         ENDDO         
  C:5A83H         LINE#         161
  C:5A87H         LINE#         162
  C:5A87H         LINE#         165
  C:5A8AH         LINE#         166
  C:5A8CH         LINE#         167
  C:5A8CH         LINE#         168
  C:5A97H         LINE#         169
  C:5A9EH         LINE#         170
  C:5AA6H         LINE#         171
  C:5AAAH         LINE#         172
  C:5AADH         LINE#         173
  -------         ENDPROC       _READFLASH
  -------         ENDMOD        SSP

  -------         MODULE        LCD
  C:0000H         SYMBOL        _ICE_DUMMY_
  C:324BH         PUBLIC        LCDDispGif
  C:4FC8H         PUBLIC        GifWaterBSK
  D:0080H         PUBLIC        P0
  D:0090H         PUBLIC        P1
  C:5B02H         PUBLIC        _LCDDispAll
  D:00A0H         PUBLIC        P2
  C:57F2H         PUBLIC        _LCDDispPeopleNum
  D:00B0H         PUBLIC        P3
  C:4FB6H         PUBLIC        GifFoodBSK
  D:00C0H         PUBLIC        P4
  D:0080H         PUBLIC        P5
BL51 BANKED LINKER/LOCATER V6.22                                                      01/05/2016  13:28:04  PAGE 29


  D:0021H         PUBLIC        g_u8BlankVal
  C:5686H         PUBLIC        _LCDDispCookTime
  C:43CCH         PUBLIC        _LCDDispWaterML
  C:598CH         PUBLIC        _LCDDispNum_HI
  C:4F86H         PUBLIC        LCD_TAB
  B:0023H.4       PUBLIC        bLCD_PeopleIcon
  C:42E7H         PUBLIC        _LCDDispSelfChk
  B:0023H.3       PUBLIC        bLCD_Texture
  C:558AH         PUBLIC        _LCDDispCookTemp
  C:4B7EH         PUBLIC        _LCDDispFoodCups
  D:00ABH         PUBLIC        DISPCON
  C:5954H         PUBLIC        _LCDDispNum_LO
  B:0022H.6       PUBLIC        bLCD_BNK_TimeNum
  B:0021H.2       PUBLIC        bLCD_BNK_MenuNum
  B:0022H.5       PUBLIC        bLCD_BNK_TempNum
  B:0022H.0       PUBLIC        bLCD_BNK_DIYNum1
  B:0022H.1       PUBLIC        bLCD_BNK_DIYNum2
  B:0022H.2       PUBLIC        bLCD_BNK_DIYNum3
  B:0022H.3       PUBLIC        bLCD_BNK_DIYNum4
  B:0022H.4       PUBLIC        bLCD_BNK_DIYNum5
  B:0021H.1       PUBLIC        bLCD_BNK_ClassicIcon
  X:0029H         PUBLIC        m_u8Framestat
  D:0059H         PUBLIC        u8lcdcnt
  C:5000H         PUBLIC        GifDrainedfoodNBSK
  C:4FAEH         PUBLIC        GifCookerNBSK
  C:5413H         PUBLIC        _PlayGif
  C:5634H         PUBLIC        _LCDDispMenuNum
  B:0022H.7       PUBLIC        bLCD_BNK_COL
  B:0023H.5       PUBLIC        bLCD_PeopleNum
  D:005AH         PUBLIC        m_u16pGif
  B:0023H.7       PUBLIC        bLCD_TimeIcon
  C:517DH         PUBLIC        _LCDDispZone1
  C:55E1H         PUBLIC        _LCDDispZone2
  B:0021H.0       PUBLIC        bLCD_BNK_HealthIcon
  C:48A6H         PUBLIC        _LCDDispZone3
  I:00D9H         PUBLIC        u8GifSpeed
  C:359CH         PUBLIC        _LCDDispZone4
  B:0023H.6       PUBLIC        bLCD_TempIcon
  D:00ACH         PUBLIC        DISPCLK0
  D:005CH         PUBLIC        u8BlankCnt
  D:005DH         PUBLIC        m_u16pGifBak
  D:00ADH         PUBLIC        DISPCON1
  B:0021H.4       PUBLIC        bLCD_BNK_PeopleIcon
  I:00DAH         PUBLIC        dpParam
  B:0021H.3       PUBLIC        bLCD_BNK_Texture
  C:4FD0H         PUBLIC        GifWaterNBSK
  C:4FDAH         PUBLIC        GifPutbasket
  X:002AH         PUBLIC        LCD_Buf
  C:4FBEH         PUBLIC        GifFoodNBSK
  C:4FB2H         PUBLIC        GifCookerNBSKNLID
  B:0024H.6       PUBLIC        bLCD_TimeNum
  C:591BH         PUBLIC        _LCDDispTexture
  X:0500H         PUBLIC        SEG
  B:0023H.2       PUBLIC        bLCD_MenuNum
  C:4FF8H         PUBLIC        GifDrainedfoodBSK
  C:4FAAH         PUBLIC        GifCookerBSK
  B:0024H.5       PUBLIC        bLCD_TempNum
BL51 BANKED LINKER/LOCATER V6.22                                                      01/05/2016  13:28:04  PAGE 30


  B:0024H.0       PUBLIC        bLCD_DIYNum1
  B:0024H.1       PUBLIC        bLCD_DIYNum2
  B:0024H.2       PUBLIC        bLCD_DIYNum3
  C:4F96H         PUBLIC        LCD_TABX
  B:0024H.3       PUBLIC        bLCD_DIYNum4
  C:4FA0H         PUBLIC        LCD_TABY
  B:0024H.4       PUBLIC        bLCD_DIYNum5
  B:0023H.1       PUBLIC        bLCD_ClassicIcon
  C:5AAEH         PUBLIC        LCD_INIT
  C:44A9H         PUBLIC        _LCDDispMovie
  C:2EAAH         PUBLIC        _LCDProc
  D:005FH         PUBLIC        u8GifCnt
  B:0021H.5       PUBLIC        bLCD_BNK_PeopleNum
  D:0023H         PUBLIC        g_u8LCDVal
  B:0021H.7       PUBLIC        bLCD_BNK_TimeIcon
  C:5C34H         PUBLIC        LCDClearNum
  C:5B28H         PUBLIC        LCDDispError
  B:0024H.7       PUBLIC        bLCD_COL
  B:0021H.6       PUBLIC        bLCD_BNK_TempIcon
  C:4FF0H         PUBLIC        GifOutwater
  B:0023H.0       PUBLIC        bLCD_HealthIcon
  C:4FE2H         PUBLIC        GifOutfood
  -------         PROC          LCD_INIT
  -------         DO            
  D:0007H         SYMBOL        i
  -------         ENDDO         
  C:5AAEH         LINE#         145
  C:5AAEH         LINE#         146
  C:5AAEH         LINE#         150
  C:5AB1H         LINE#         151
  C:5AB4H         LINE#         152
  C:5AB7H         LINE#         153
  C:5ABAH         LINE#         156
  C:5ABBH         LINE#         157
  C:5ABBH         LINE#         158
  C:5AC7H         LINE#         159
  C:5AD3H         LINE#         160
  C:5AD7H         LINE#         161
  -------         ENDPROC       LCD_INIT
  -------         PROC          _LCDDISPALL
  D:0007H         SYMBOL        mode
  -------         DO            
  D:0006H         SYMBOL        i
  -------         ENDDO         
  C:5B02H         LINE#         172
  C:5B02H         LINE#         173
  C:5B02H         LINE#         176
  C:5B04H         LINE#         177
  C:5B04H         LINE#         178
  C:5B0CH         LINE#         179
  C:5B0CH         LINE#         180
  C:5B17H         LINE#         181
  C:5B19H         LINE#         183
  C:5B19H         LINE#         184
  C:5B23H         LINE#         185
  C:5B23H         LINE#         186
  C:5B27H         LINE#         187
BL51 BANKED LINKER/LOCATER V6.22                                                      01/05/2016  13:28:04  PAGE 31


  -------         ENDPROC       _LCDDISPALL
  -------         PROC          _LCDDISPMENUNUM
  D:0007H         SYMBOL        menu
  B:002AH.2       SYMBOL        lcdon
  -------         DO            
  D:0007H         SYMBOL        i
  D:0006H         SYMBOL        j
  -------         ENDDO         
  C:5634H         LINE#         197
  C:5634H         LINE#         198
  C:5634H         LINE#         201
  C:5639H         LINE#         202
  C:563BH         LINE#         204
  C:563EH         LINE#         205
  C:563EH         LINE#         206
  C:5644H         LINE#         207
  C:5644H         LINE#         208
  C:564DH         LINE#         209
  C:5651H         LINE#         210
  C:5653H         LINE#         212
  C:5653H         LINE#         213
  C:5659H         LINE#         214
  C:5659H         LINE#         215
  C:565CH         LINE#         216
  C:565CH         LINE#         217
  C:5665H         LINE#         218
  C:5667H         LINE#         219
  C:5668H         LINE#         221
  C:5668H         LINE#         222
  C:566FH         LINE#         223
  C:5671H         LINE#         224
  C:5679H         LINE#         225
  C:567DH         LINE#         226
  C:5685H         LINE#         227
  C:5685H         LINE#         228
  C:5685H         LINE#         229
  C:5685H         LINE#         230
  C:5685H         LINE#         231
  -------         ENDPROC       _LCDDISPMENUNUM
  -------         PROC          _LCDDISPTEXTURE
  D:0005H         SYMBOL        texture
  B:002AH.2       SYMBOL        lcdon
  C:591BH         LINE#         241
  C:591BH         LINE#         242
  C:591BH         LINE#         243
  C:5922H         LINE#         245
  C:5925H         LINE#         246
  C:5925H         LINE#         247
  C:5934H         LINE#         248
  C:5934H         LINE#         249
  C:5934H         LINE#         250
  C:593BH         LINE#         251
  C:593CH         LINE#         252
  C:593CH         LINE#         253
  C:5943H         LINE#         254
  C:5944H         LINE#         255
  C:5944H         LINE#         256
BL51 BANKED LINKER/LOCATER V6.22                                                      01/05/2016  13:28:04  PAGE 32


  C:594BH         LINE#         257
  C:594CH         LINE#         258
  C:594CH         LINE#         259
  C:5953H         LINE#         260
  C:5953H         LINE#         261
  C:5953H         LINE#         262
  C:5953H         LINE#         263
  C:5953H         LINE#         264
  C:5953H         LINE#         265
  -------         ENDPROC       _LCDDISPTEXTURE
  -------         PROC          _LCDDISPPEOPLENUM
  D:0007H         SYMBOL        count
  B:002AH.2       SYMBOL        lcdon
  -------         DO            
  D:0006H         SYMBOL        i
  -------         ENDDO         
  C:57F2H         LINE#         275
  C:57F2H         LINE#         276
  C:57F2H         LINE#         279
  C:57F9H         LINE#         280
  C:5800H         LINE#         282
  C:5803H         LINE#         283
  C:5803H         LINE#         284
  C:5809H         LINE#         285
  C:5809H         LINE#         286
  C:580EH         LINE#         287
  C:580EH         LINE#         288
  C:5810H         LINE#         289
  C:5812H         LINE#         291
  C:5812H         LINE#         292
  C:5819H         LINE#         293
  C:581DH         LINE#         294
  C:581DH         LINE#         296
  C:582EH         LINE#         297
  C:582EH         LINE#         298
  C:582EH         LINE#         299
  -------         ENDPROC       _LCDDISPPEOPLENUM
  C:4B7AH         SYMBOL        L?0316
  -------         PROC          L?0315
  -------         ENDPROC       L?0315
  C:4B7AH         SYMBOL        L?0316
  -------         PROC          _LCDDISPFOODCUPS
  D:0002H         SYMBOL        cups
  B:002AH.2       SYMBOL        lcdon
  -------         DO            
  D:0007H         SYMBOL        i
  -------         ENDDO         
  C:4B7EH         LINE#         309
  C:4B82H         LINE#         310
  C:4B82H         LINE#         313
  C:4B89H         LINE#         314
  C:4B90H         LINE#         315
  C:4B97H         LINE#         316
  C:4B9EH         LINE#         317
  C:4BA5H         LINE#         318
  C:4BACH         LINE#         320
  C:4BAFH         LINE#         321
BL51 BANKED LINKER/LOCATER V6.22                                                      01/05/2016  13:28:04  PAGE 33


  C:4BAFH         LINE#         322
  C:4BB3H         LINE#         323
  C:4BC4H         LINE#         324
  C:4BCFH         LINE#         326
  C:4BD6H         LINE#         327
  C:4BE8H         LINE#         328
  C:4BF3H         LINE#         330
  C:4BF7H         LINE#         331
  C:4C09H         LINE#         332
  C:4C14H         LINE#         334
  C:4C1BH         LINE#         335
  C:4C1BH         LINE#         336
  -------         ENDPROC       _LCDDISPFOODCUPS
  -------         PROC          _LCDDISPWATERML
  D:0002H         SYMBOL        ml
  B:002AH.2       SYMBOL        lcdon
  -------         DO            
  D:0007H         SYMBOL        i
  -------         ENDDO         
  C:43CCH         LINE#         347
  C:43D0H         LINE#         348
  C:43D0H         LINE#         351
  C:43D7H         LINE#         352
  C:43DEH         LINE#         353
  C:43E5H         LINE#         354
  C:43ECH         LINE#         355
  C:43F3H         LINE#         356
  C:43FAH         LINE#         357
  C:4401H         LINE#         358
  C:4408H         LINE#         360
  C:440EH         LINE#         361
  C:440EH         LINE#         362
  C:4412H         LINE#         363
  C:4423H         LINE#         364
  C:4430H         LINE#         366
  C:4437H         LINE#         367
  C:444BH         LINE#         368
  C:4458H         LINE#         370
  C:445CH         LINE#         371
  C:4470H         LINE#         372
  C:447DH         LINE#         374
  C:4482H         LINE#         375
  C:4487H         LINE#         376
  C:4487H         LINE#         377
  C:449BH         LINE#         378
  C:44A8H         LINE#         379
  C:44A8H         LINE#         380
  C:44A8H         LINE#         381
  -------         ENDPROC       _LCDDISPWATERML
  -------         PROC          _LCDDISPCOOKTEMP
  D:0031H         SYMBOL        temp
  B:002AH.2       SYMBOL        lcdon
  -------         DO            
  D:0004H         SYMBOL        i
  D:0006H         SYMBOL        j
  -------         ENDDO         
  C:558AH         LINE#         392
BL51 BANKED LINKER/LOCATER V6.22                                                      01/05/2016  13:28:04  PAGE 34


  C:558CH         LINE#         393
  C:558CH         LINE#         396
  C:5591H         LINE#         397
  C:5598H         LINE#         399
  C:559BH         LINE#         400
  C:559BH         LINE#         401
  C:55A2H         LINE#         402
  C:55A2H         LINE#         403
  C:55A9H         LINE#         404
  C:55ACH         LINE#         405
  C:55BFH         LINE#         406
  C:55C4H         LINE#         407
  C:55D5H         LINE#         409
  C:55DCH         LINE#         410
  C:55DCH         LINE#         411
  C:55E0H         LINE#         412
  C:55E0H         LINE#         413
  C:55E0H         LINE#         414
  C:55E0H         LINE#         415
  -------         ENDPROC       _LCDDISPCOOKTEMP
  -------         PROC          _LCDDISPCOOKTIME
  D:002EH         SYMBOL        pTime
  B:002AH.2       SYMBOL        lcdon
  -------         DO            
  D:0007H         SYMBOL        i
  -------         ENDDO         
  C:5686H         LINE#         425
  C:568CH         LINE#         426
  C:568CH         LINE#         429
  C:568FH         LINE#         431
  C:5692H         LINE#         432
  C:5692H         LINE#         433
  C:56A7H         LINE#         434
  C:56A7H         LINE#         435
  C:56ACH         LINE#         436
  C:56AEH         LINE#         437
  C:56B0H         LINE#         439
  C:56B0H         LINE#         440
  C:56BEH         LINE#         441
  C:56C1H         LINE#         443
  C:56D2H         LINE#         444
  C:56D5H         LINE#         445
  C:56D5H         LINE#         446
  C:56D5H         LINE#         447
  -------         ENDPROC       _LCDDISPCOOKTIME
  -------         PROC          _LCDDISPNUM_HI
  D:0005H         SYMBOL        hdigit
  -------         DO            
  D:0006H         SYMBOL        i
  -------         ENDDO         
  C:598CH         LINE#         457
  C:598EH         LINE#         458
  C:598EH         LINE#         461
  C:5995H         LINE#         462
  C:599DH         LINE#         464
  C:59A0H         LINE#         465
  C:59ABH         LINE#         467
BL51 BANKED LINKER/LOCATER V6.22                                                      01/05/2016  13:28:04  PAGE 35


  C:59B0H         LINE#         468
  C:59C1H         LINE#         469
  -------         ENDPROC       _LCDDISPNUM_HI
  -------         PROC          _LCDDISPNUM_LO
  D:0005H         SYMBOL        ldigit
  -------         DO            
  D:0006H         SYMBOL        i
  -------         ENDDO         
  C:5954H         LINE#         479
  C:5956H         LINE#         480
  C:5956H         LINE#         483
  C:595DH         LINE#         484
  C:5965H         LINE#         486
  C:5968H         LINE#         487
  C:5973H         LINE#         489
  C:5978H         LINE#         490
  C:598BH         LINE#         491
  -------         ENDPROC       _LCDDISPNUM_LO
  -------         PROC          LCDCLEARNUM
  C:5C34H         LINE#         501
  C:5C34H         LINE#         502
  C:5C34H         LINE#         503
  C:5C3BH         LINE#         504
  C:5C42H         LINE#         505
  C:5C49H         LINE#         506
  C:5C50H         LINE#         507
  -------         ENDPROC       LCDCLEARNUM
  -------         PROC          LCDDISPERROR
  C:5B28H         LINE#         517
  C:5B28H         LINE#         518
  C:5B28H         LINE#         519
  C:5B2DH         LINE#         520
[...]
  C:2CC0H         LINE#         2154
  C:2CC2H         LINE#         2155
  C:2CC6H         LINE#         2156
  C:2CC8H         LINE#         2157
  C:2CC8H         LINE#         2158
  C:2CDFH         LINE#         2159
  C:2CDFH         LINE#         2160
  C:2CE2H         LINE#         2161
  C:2CF5H         LINE#         2162
  C:2D02H         LINE#         2163
  C:2D14H         LINE#         2164
  C:2D14H         LINE#         2165
  C:2D1BH         LINE#         2166
  C:2D1BH         LINE#         2167
  C:2D1BH         LINE#         2168
  C:2D1EH         LINE#         2169
  C:2D1EH         LINE#         2172
  C:2D2DH         LINE#         2173
  C:2D2DH         LINE#         2175
  C:2D33H         LINE#         2176
  C:2D33H         LINE#         2177
  C:2D39H         LINE#         2178
  C:2D39H         LINE#         2179
  C:2D46H         LINE#         2180
  C:2D48H         LINE#         2182
  C:2D48H         LINE#         2183
  C:2D4BH         LINE#         2184
  C:2D4BH         LINE#         2185
  C:2D4EH         LINE#         2186
  C:2D4EH         LINE#         2191
  C:2D52H         LINE#         2192
BL51 BANKED LINKER/LOCATER V6.22                                                      01/05/2016  13:28:04  PAGE 118


  C:2D52H         LINE#         2193
  C:2D5FH         LINE#         2194
  C:2D69H         LINE#         2195
  C:2D73H         LINE#         2200
  C:2D7AH         LINE#         2201
  C:2D7AH         LINE#         2204
  C:2D86H         LINE#         2205
  C:2D86H         LINE#         2206
  C:2D93H         LINE#         2207
  C:2D9DH         LINE#         2208
  C:2DA7H         LINE#         2209
  C:2DAEH         LINE#         2210
  C:2DAEH         LINE#         2211
  C:2DAEH         LINE#         2264
  C:2DB3H         LINE#         2265
  C:2DB3H         LINE#         2266
  C:2DBFH         LINE#         2267
  C:2DCFH         LINE#         2268
  C:2DD7H         LINE#         2269
  C:2DE1H         LINE#         2270
  C:2DE8H         LINE#         2271
  C:2DE8H         LINE#         2275
  C:2DF8H         LINE#         2276
  C:2DF8H         LINE#         2277
  C:2DFEH         LINE#         2280
  C:2E0CH         LINE#         2281
  C:2E0CH         LINE#         2282
  C:2E11H         LINE#         2283
  C:2E11H         LINE#         2284
  C:2E18H         LINE#         2285
  C:2E18H         LINE#         2286
  C:2E1BH         LINE#         2287
  C:2E1DH         LINE#         2289
  C:2E1DH         LINE#         2290
  C:2E21H         LINE#         2291
  C:2E21H         LINE#         2292
  C:2E25H         LINE#         2293
  C:2E28H         LINE#         2294
  C:2E2CH         LINE#         2295
  C:2E30H         LINE#         2296
  C:2E33H         LINE#         2297
  C:2E33H         LINE#         2299
  C:2E38H         LINE#         2300
  C:2E38H         LINE#         2301
  C:2E3CH         LINE#         2302
  C:2E40H         LINE#         2303
  C:2E43H         LINE#         2304
  C:2E47H         LINE#         2305
  C:2E57H         LINE#         2306
  C:2E5CH         LINE#         2307
  C:2E5CH         LINE#         2308
  C:2E5EH         LINE#         2309
  C:2E5EH         LINE#         2310
  C:2E62H         LINE#         2311
  C:2E62H         LINE#         2312
  C:2E62H         LINE#         2315
  C:2E67H         LINE#         2316
BL51 BANKED LINKER/LOCATER V6.22                                                      01/05/2016  13:28:04  PAGE 119


  C:2E67H         LINE#         2317
  C:2E6DH         LINE#         2318
  C:2E6DH         LINE#         2319
  C:2E74H         LINE#         2320
  C:2E74H         LINE#         2321
  C:2E77H         LINE#         2322
  C:2E7AH         LINE#         2323
  C:2E7CH         LINE#         2325
  C:2E7CH         LINE#         2326
  C:2E80H         LINE#         2327
  C:2E83H         LINE#         2328
  C:2E83H         LINE#         2329
  C:2E87H         LINE#         2330
  C:2E8AH         LINE#         2331
  C:2E8EH         LINE#         2332
  C:2E92H         LINE#         2333
  C:2E92H         LINE#         2334
  C:2E92H         LINE#         2335
  C:2E95H         LINE#         2336
  C:2E95H         LINE#         2337
  C:2E97H         LINE#         2338
  C:2E97H         LINE#         2339
  C:2E9AH         LINE#         2340
  C:2E9AH         LINE#         2341
  C:2E9DH         LINE#         2342
  C:2EA0H         LINE#         2343
  C:2EA0H         LINE#         2344
  C:2EA0H         LINE#         2345
  C:2EA0H         LINE#         2346
  C:2EA0H         LINE#         2347
  C:2EA0H         LINE#         2349
  C:2EA4H         LINE#         2350
  C:2EA4H         LINE#         2351
  C:2EA7H         LINE#         2352
  C:2EA7H         LINE#         2353
  C:2EA9H         LINE#         2354
  -------         ENDPROC       _OTHERCMDS
  -------         PROC          GETPOWERBYDT
  -------         DO            
  D:0007H         SYMBOL        u8TopDegree
  -------         ENDDO         
  C:5089H         LINE#         2364
  C:5089H         LINE#         2365
  C:5089H         LINE#         2366
  C:508EH         LINE#         2368
  C:5099H         LINE#         2369
  C:50A4H         LINE#         2370
  C:50A4H         LINE#         2371
  C:50A9H         LINE#         2372
  C:50B0H         LINE#         2374
  C:50BBH         LINE#         2375
  C:50BBH         LINE#         2376
  C:50BDH         LINE#         2377
  C:50BDH         LINE#         2380
  C:50C6H         LINE#         2381
  C:50C6H         LINE#         2382
  C:50CCH         LINE#         2383
BL51 BANKED LINKER/LOCATER V6.22                                                      01/05/2016  13:28:04  PAGE 120


  C:50CCH         LINE#         2386
  C:50D1H         LINE#         2387
  C:50D1H         LINE#         2388
  C:50D8H         LINE#         2389
  C:50D8H         LINE#         2392
  C:50E2H         LINE#         2393
  C:50E2H         LINE#         2394
  C:50E4H         LINE#         2395
  C:50E4H         LINE#         2397
  C:50EEH         LINE#         2398
  C:50EEH         LINE#         2399
  C:50F0H         LINE#         2400
  C:50F0H         LINE#         2402
  C:50F9H         LINE#         2403
  C:50F9H         LINE#         2404
  C:50FEH         LINE#         2405
  C:5100H         LINE#         2407
  C:5100H         LINE#         2408
  C:5103H         LINE#         2409
  C:5103H         LINE#         2412
  C:5107H         LINE#         2413
  C:5107H         LINE#         2414
  -------         ENDPROC       GETPOWERBYDT
  -------         ENDMOD        SCRIPT

  -------         MODULE        TIME
  C:0000H         SYMBOL        _ICE_DUMMY_
  D:0080H         PUBLIC        P0
  D:0090H         PUBLIC        P1
  D:0066H         PUBLIC        tmBookTime
  D:00A0H         PUBLIC        P2
  D:0069H         PUBLIC        tmCookTime
  D:00B0H         PUBLIC        P3
  D:00C0H         PUBLIC        P4
  D:0080H         PUBLIC        P5
  C:57AFH         PUBLIC        _DecTime
  C:5C9AH         PUBLIC        _IncTime
  C:59C2H         PUBLIC        _IncTime_MIN
  -------         PROC          _INCTIME
  D:0001H         SYMBOL        pTime
  C:5C9AH         LINE#         58
  C:5C9AH         LINE#         59
  C:5C9AH         LINE#         60
  C:5C9FH         LINE#         61
  C:5CA7H         LINE#         62
  C:5CA8H         LINE#         64
  C:5CA8H         LINE#         66
  C:5CA8H         LINE#         67
  C:5CACH         LINE#         68
  C:5CAFH         LINE#         69
  C:5CAFH         LINE#         70
  -------         ENDPROC       _INCTIME
  -------         PROC          _DECTIME
  D:0001H         SYMBOL        pTime
  C:57AFH         LINE#         80
  C:57AFH         LINE#         81
  C:57AFH         LINE#         82
BL51 BANKED LINKER/LOCATER V6.22                                                      01/05/2016  13:28:04  PAGE 121


  C:57B4H         LINE#         83
  C:57BAH         LINE#         84
  C:57BAH         LINE#         85
  C:57BFH         LINE#         86
  C:57C7H         LINE#         87
  C:57D0H         LINE#         88
  C:57D0H         LINE#         89
  C:57D8H         LINE#         90
  C:57E0H         LINE#         91
  C:57E9H         LINE#         92
  C:57E9H         LINE#         93
  C:57F1H         LINE#         94
  C:57F1H         LINE#         95
  C:57F1H         LINE#         96
  C:57F1H         LINE#         97
  -------         ENDPROC       _DECTIME
  -------         PROC          _INCTIME_MIN
  D:0001H         SYMBOL        pTime
  C:59C2H         LINE#         107
  C:59C2H         LINE#         108
  C:59C2H         LINE#         109
  C:59CAH         LINE#         110
  C:59D5H         LINE#         111
  C:59D6H         LINE#         113
  C:59D6H         LINE#         115
  C:59D6H         LINE#         116
  C:59DDH         LINE#         117
  C:59E5H         LINE#         118
  C:59EEH         LINE#         119
  C:59EEH         LINE#         120
  C:59F5H         LINE#         121
  C:59F5H         LINE#         122
  C:59F5H         LINE#         123
  -------         ENDPROC       _INCTIME_MIN
  -------         ENDMOD        TIME

  -------         MODULE        TEMPCTR
  C:0000H         SYMBOL        _ICE_DUMMY_
  D:0080H         PUBLIC        P0
  D:0090H         PUBLIC        P1
  D:00A0H         PUBLIC        P2
  D:00B0H         PUBLIC        P3
  D:00C0H         PUBLIC        P4
  D:0080H         PUBLIC        P5
  B:0080H.5       PUBLIC        P0_5
  B:0080H.6       PUBLIC        P0_6
  B:0080H.7       PUBLIC        P0_7
  C:4E6CH         PUBLIC        HeatProc
  D:004FH         PUBLIC        g_u8OffTime_Set
  D:0050H         PUBLIC        g_u16RelayTime
  C:5A28H         PUBLIC        KeepTempProc
  D:0052H         PUBLIC        g_u8HiTemp
  D:0053H         PUBLIC        g_u8LoTemp
  D:0054H         PUBLIC        g_u8OnTime_Set
  D:0055H         PUBLIC        g_u8PwrCnt
  D:0056H         SYMBOL        u8OffTime
  D:0057H         SYMBOL        u8OnTime
BL51 BANKED LINKER/LOCATER V6.22                                                      01/05/2016  13:28:04  PAGE 122


  -------         PROC          KEEPTEMPPROC
  -------         DO            
  D:0007H         SYMBOL        u8BotDegree
  -------         ENDDO         
  C:5A28H         LINE#         61
  C:5A28H         LINE#         62
  C:5A28H         LINE#         63
  C:5A2DH         LINE#         65
  C:5A31H         LINE#         66
  C:5A31H         LINE#         67
  C:5A34H         LINE#         69
  C:5A34H         LINE#         71
  C:5A37H         LINE#         72
  C:5A37H         LINE#         73
  C:5A3AH         LINE#         74
  C:5A3AH         LINE#         76
  C:5A40H         LINE#         77
  C:5A40H         LINE#         79
  C:5A42H         LINE#         81
  C:5A42H         LINE#         83
  C:5A42H         LINE#         85
  C:5A44H         LINE#         86
  C:5A44H         LINE#         87
  C:5A44H         LINE#         90
  C:5A4AH         LINE#         91
  C:5A4AH         LINE#         93
  C:5A4CH         LINE#         94
  C:5A4FH         LINE#         95
  C:5A50H         LINE#         97
  C:5A50H         LINE#         100
  C:5A53H         LINE#         101
  C:5A56H         LINE#         102
  C:5A56H         LINE#         103
  C:5A56H         LINE#         104
  -------         ENDPROC       KEEPTEMPPROC
  -------         PROC          HEATPROC
  C:4E6CH         LINE#         114
  C:4E6CH         LINE#         115
  C:4E6CH         LINE#         116
  C:4E7EH         LINE#         117
  C:4E7EH         LINE#         118
  C:4E80H         LINE#         119
  C:4E82H         LINE#         120
  C:4E84H         LINE#         121
  C:4E85H         LINE#         123
  C:4E85H         LINE#         124
  C:4E89H         LINE#         125
  C:4E89H         LINE#         126
  C:4E8BH         LINE#         127
  C:4E8DH         LINE#         128
  C:4E8FH         LINE#         129
  C:4E91H         LINE#         131
  C:4E91H         LINE#         132
  C:4E96H         LINE#         133
  C:4E96H         LINE#         134
  C:4E98H         LINE#         135
  C:4E9AH         LINE#         136
BL51 BANKED LINKER/LOCATER V6.22                                                      01/05/2016  13:28:04  PAGE 123


  C:4E9DH         LINE#         137
  C:4EA8H         LINE#         138
  C:4EAAH         LINE#         140
  C:4EAAH         LINE#         141
  C:4EADH         LINE#         142
  C:4EADH         LINE#         143
  C:4EAFH         LINE#         145
  C:4EB2H         LINE#         146
  C:4EB2H         LINE#         148
  C:4EB9H         LINE#         149
  C:4EB9H         LINE#         150
  C:4EBBH         LINE#         151
  C:4EBEH         LINE#         152
  C:4EC0H         LINE#         153
  C:4EC2H         LINE#         155
  C:4EC2H         LINE#         156
  C:4EC4H         LINE#         157
  C:4ECCH         LINE#         158
  C:4ECCH         LINE#         159
  C:4ECEH         LINE#         161
  C:4ECEH         LINE#         163
  C:4ED5H         LINE#         164
  C:4ED5H         LINE#         165
  C:4ED7H         LINE#         166
  C:4EDAH         LINE#         167
  C:4EDCH         LINE#         168
  C:4EE4H         LINE#         169
  C:4EE6H         LINE#         171
  C:4EE6H         LINE#         172
  C:4EE8H         LINE#         173
  C:4EE8H         LINE#         174
  C:4EE8H         LINE#         175
  C:4EE8H         LINE#         176
  C:4EE8H         LINE#         177
  C:4EE8H         LINE#         179
  C:4EEBH         LINE#         180
  C:4EEBH         LINE#         181
  C:4EEDH         LINE#         182
  C:4EEFH         LINE#         184
  C:4EEFH         LINE#         185
  C:4EF1H         LINE#         186
  C:4EF1H         LINE#         188
  C:4EF4H         LINE#         189
  C:4EF4H         LINE#         190
  C:4EF6H         LINE#         191
  C:4EF7H         LINE#         193
  C:4EF7H         LINE#         194
  C:4EF9H         LINE#         195
  C:4EF9H         LINE#         196
  C:4EF9H         LINE#         197
  -------         ENDPROC       HEATPROC
  -------         ENDMOD        TEMPCTR

  -------         MODULE        TABLEFUNC
  C:0000H         SYMBOL        _ICE_DUMMY_
  D:0080H         PUBLIC        P0
  D:0090H         PUBLIC        P1
BL51 BANKED LINKER/LOCATER V6.22                                                      01/05/2016  13:28:04  PAGE 124


  D:00A0H         PUBLIC        P2
  D:00B0H         PUBLIC        P3
  D:00C0H         PUBLIC        P4
  D:0080H         PUBLIC        P5
  C:319DH         PUBLIC        MashTimeTab
  C:30FBH         PUBLIC        SoakTimeKeepTab
  C:3167H         PUBLIC        SoakTempKeepTab
  C:308FH         PUBLIC        SoakTimeRiseTab
  C:31C1H         PUBLIC        CountDownTimeTab
  -------         ENDMOD        TABLEFUNC

  -------         MODULE        TABLES
  C:0000H         SYMBOL        _ICE_DUMMY_
  D:0080H         PUBLIC        P0
  D:0090H         PUBLIC        P1
  D:00A0H         PUBLIC        P2
  D:00B0H         PUBLIC        P3
  D:00C0H         PUBLIC        P4
  D:0080H         PUBLIC        P5
  C:2968H         PUBLIC        TempTable4200_103K
  C:27FCH         PUBLIC        TempTable3950_50K
  -------         ENDMOD        TABLES

  -------         MODULE        BCD8TOHEX
  C:5CFFH         SEGMENT       ?PR?_BCD8TOHEX?BCD8TOHEX
  C:5CFFH         PUBLIC        _BCD8TOHEX
  D:00F0H         SYMBOL        B
  N:0000H         SYMBOL        BCD8TOHEX
  C:5CFFH         LINE#         15
  C:5D00H         LINE#         16
  C:5D02H         LINE#         17
  C:5D03H         LINE#         18
  C:5D04H         LINE#         19
  C:5D06H         LINE#         20
  C:5D07H         LINE#         21
  C:5D08H         LINE#         22
  C:5D09H         LINE#         23
  C:5D0AH         LINE#         24
  C:5D0DH         LINE#         25
  C:5D0EH         LINE#         26
  C:5D0FH         LINE#         27
  C:5D10H         LINE#         28
  -------         ENDMOD        BCD8TOHEX

  -------         MODULE        HEX8TOBCD
  C:5CC5H         SEGMENT       ?PR?_HEX8TOBCD?HEX8TOBCD
  C:5CC5H         PUBLIC        _HEX8TOBCD
  D:00F0H         SYMBOL        B
  N:0000H         SYMBOL        HEX8TOBCD
  C:5CC5H         LINE#         9
  C:5CC6H         LINE#         10
  C:5CC9H         LINE#         11
  C:5CCAH         LINE#         12
  C:5CCBH         LINE#         13
  C:5CCDH         LINE#         14
  C:5CD0H         LINE#         15
  C:5CD1H         LINE#         16
BL51 BANKED LINKER/LOCATER V6.22                                                      01/05/2016  13:28:04  PAGE 125


  C:5CD2H         LINE#         17
  C:5CD3H         LINE#         18
  C:5CD4H         LINE#         19
  C:5CD5H         LINE#         20
  C:5CD7H         LINE#         21
  C:5CD8H         LINE#         22
  -------         ENDMOD        HEX8TOBCD

  -------         MODULE        MATH
  C:5B71H         SEGMENT       ?PR?_DELAY?DELAY
  C:5B71H         PUBLIC        _DELAY
  C:5B72H         SYMBOL        ??DELAY_1
  C:5B82H         SYMBOL        ??DELAY_2
  C:5B8CH         SYMBOL        ??DELAY_3
  C:5B71H         LINE#         12
  C:5B72H         LINE#         15
  C:5B73H         LINE#         16
  C:5B75H         LINE#         17
  C:5B76H         LINE#         18
  C:5B77H         LINE#         19
  C:5B78H         LINE#         20
  C:5B79H         LINE#         21
  C:5B7AH         LINE#         22
  C:5B7BH         LINE#         23
  C:5B7CH         LINE#         24
  C:5B7DH         LINE#         25
  C:5B7EH         LINE#         26
  C:5B7FH         LINE#         27
  C:5B80H         LINE#         28
  C:5B82H         LINE#         31
  C:5B83H         LINE#         32
  C:5B85H         LINE#         33
  C:5B86H         LINE#         34
  C:5B88H         LINE#         35
  C:5B89H         LINE#         36
  C:5B8AH         LINE#         37
  C:5B8CH         LINE#         40
  C:5B8DH         LINE#         41
  C:5B8EH         LINE#         42
  C:5B8FH         LINE#         43
  C:5B90H         LINE#         44
  C:5B91H         LINE#         45
  C:5B92H         LINE#         46
  C:5B93H         LINE#         47
  C:5B94H         LINE#         49
  -------         ENDMOD        MATH

  -------         MODULE        ?C?CLDPTR
  C:33F5H         PUBLIC        ?C?CLDPTR
  -------         ENDMOD        ?C?CLDPTR

  -------         MODULE        ?C?CLDOPTR
  C:340EH         PUBLIC        ?C?CLDOPTR
  -------         ENDMOD        ?C?CLDOPTR

  -------         MODULE        ?C?CILDPTR
  C:343BH         PUBLIC        ?C?CILDPTR
BL51 BANKED LINKER/LOCATER V6.22                                                      01/05/2016  13:28:04  PAGE 126


  -------         ENDMOD        ?C?CILDPTR

  -------         MODULE        ?C?CILDOPTR
  C:345DH         PUBLIC        ?C?CILDOPTR
  -------         ENDMOD        ?C?CILDOPTR

  -------         MODULE        ?C?CSTPTR
  C:3490H         PUBLIC        ?C?CSTPTR
  -------         ENDMOD        ?C?CSTPTR

  -------         MODULE        ?C?CSTOPTR
  C:34A2H         PUBLIC        ?C?CSTOPTR
  -------         ENDMOD        ?C?CSTOPTR

  -------         MODULE        ?C?IMUL
  C:34C4H         PUBLIC        ?C?IMUL
  -------         ENDMOD        ?C?IMUL

  -------         MODULE        ?C?UIDIV
  C:34D6H         PUBLIC        ?C?UIDIV
  -------         ENDMOD        ?C?UIDIV

  -------         MODULE        ?C?ILDOPTR
  C:352BH         PUBLIC        ?C?ILDOPTR
  -------         ENDMOD        ?C?ILDOPTR

  -------         MODULE        ?C?ISTOPTR
  C:3563H         PUBLIC        ?C?ISTOPTR
  -------         ENDMOD        ?C?ISTOPTR

  -------         MODULE        ?C?OFFXADD
  C:3590H         PUBLIC        ?C?OFFXADD
  -------         ENDMOD        ?C?OFFXADD

Program Size: data=228.3 xdata=111 code=23926
LINK/LOCATE RUN COMPLETE.  0 WARNING(S),  0 ERROR(S)
