C51 COMPILER V9.52.0.0   TABLES                                                            12/24/2015 16:08:17 PAGE 1   


C51 COMPILER V9.52.0.0, COMPILATION OF MODULE TABLES
OBJECT MODULE PLACED IN .\OBJ\Tables.obj
COMPILER INVOKED BY: C:\Keil\C51\BIN\C51.EXE SRC\Tables.c BROWSE DEBUG OBJECTEXTEND PRINT(.\LST\Tables.lst) OBJECT(.\OBJ
                    -\Tables.obj)

line level    source

   1          /*-----------------------------------------------------------------------------*
   2           *　 文件名：Table.c
   3           *　 文件描述：存储温度对应的AD值
   4           *----------------------------------------------------------------------------*/
   5          #include ".\Head\HD_cfg.h" 
   6          
   7          
   8          
   9          code    uint16 TempTable3950_50K[]={                                //0~180度对应的AD值
  10          31 ,    //0
  11          33 ,    //1
  12          34 ,    //2
  13          36 ,    //3
  14          38 ,    //4
  15          40 ,    //5
  16          42 ,    //6
  17          44 ,    //7
  18          46 ,    //8
  19          48 ,    //9
  20          50 ,    //10
  21          52 ,    //11
  22          55 ,    //12
  23          57 ,    //13
  24          60 ,    //14
  25          63 ,    //15
  26          65 ,    //16
  27          68 ,    //17
  28          71 ,    //18
  29          74 ,    //19
  30          77 ,    //20
  31          81 ,    //21
  32          84 ,    //22
  33          87 ,    //23
  34          91 ,    //24
  35          95 ,    //25
  36          99 ,    //26
  37          102 ,   //27
  38          106 ,   //28
  39          111 ,   //29
  40          115 ,   //30
  41          119 ,   //31
  42          124 ,   //32
  43          128 ,   //33
  44          133 ,   //34
  45          138 ,   //35
  46          143 ,   //36
  47          148 ,   //37
  48          153 ,   //38
  49          159 ,   //39
  50          164 ,   //40
  51          170 ,   //41
  52          176 ,   //42
  53          182 ,   //43
  54          188 ,   //44
C51 COMPILER V9.52.0.0   TABLES                                                            12/24/2015 16:08:17 PAGE 2   

  55          194 ,   //45
  56          200 ,   //46
  57          207 ,   //47
  58          213 ,   //48
  59          220 ,   //49
  60          227 ,   //50
  61          233 ,   //51
  62          240 ,   //52
  63          247 ,   //53
  64          254 ,   //54
  65          261 ,   //55
  66          269 ,   //56
  67          276 ,   //57
  68          284 ,   //58
  69          291 ,   //59
  70          299 ,   //60
  71          307 ,   //61
  72          315 ,   //62
  73          323 ,   //63
  74          331 ,   //64
  75          339 ,   //65
  76          347 ,   //66
  77          356 ,   //67
  78          364 ,   //68
  79          373 ,   //69
  80          381 ,   //70
  81          390 ,   //71
  82          398 ,   //72
  83          407 ,   //73
  84          415 ,   //74
  85          424 ,   //75
  86          433 ,   //76
  87          441 ,   //77
  88          449 ,   //78
  89          458 ,   //79
  90          466 ,   //80
  91          475 ,   //81
  92          483 ,   //82
  93          492 ,   //83
  94          501 ,   //84
  95          509 ,   //85
  96          517 ,   //86
  97          526 ,   //87
  98          534 ,   //88
  99          542 ,   //89
 100          550 ,   //90
 101          559 ,   //91
 102          567 ,   //92
 103          575 ,   //93
 104          583 ,   //94
 105          591 ,   //95
 106          599 ,   //96
 107          606 ,   //97
 108          614 ,   //98
 109          621 ,   //99
 110          628 ,   //100
 111          635 ,   //101
 112          642 ,   //102
 113          649 ,   //103
 114          656 ,   //104
 115          663 ,   //105
 116          669 ,   //106
C51 COMPILER V9.52.0.0   TABLES                                                            12/24/2015 16:08:17 PAGE 3   

 117          676 ,   //107
 118          683 ,   //108
 119          690 ,   //109
 120          695 ,   //110
 121          702 ,   //111
 122          709 ,   //112
 123          715 ,   //113
 124          722 ,   //114
 125          728 ,   //115
 126          734 ,   //116
 127          740 ,   //117
 128          745 ,   //118
 129          751 ,   //119
 130          756 ,   //120
 131          762 ,   //121
 132          767 ,   //122
 133          773 ,   //123
 134          778 ,   //124
 135          783 ,   //125
 136          788 ,   //126
 137          793 ,   //127
 138          798 ,   //128
 139          802 ,   //129
 140          807 ,   //130
 141          811 ,   //131
 142          816 ,   //132
 143          820 ,   //133
 144          824 ,   //134
 145          829 ,   //135
 146          833 ,   //136
 147          837 ,   //137
 148          841 ,   //138
 149          845 ,   //139
 150          849 ,   //140
 151          853 ,   //141
 152          856 ,   //142
 153          860 ,   //143
 154          863 ,   //144
 155          867 ,   //145
 156          870 ,   //146
 157          873 ,   //147
 158          877 ,   //148
 159          880 ,   //149
 160          882 ,   //150
 161          883 ,   //151
 162          885 ,   //152
 163          888 ,   //153
 164          891 ,   //154
 165          894 ,   //155
 166          896 ,   //156
 167          899 ,   //157
 168          902 ,   //158
 169          904 ,   //159
 170          907 ,   //160
 171          909 ,   //161
 172          912 ,   //162
 173          914 ,   //163
 174          916 ,   //164
 175          918 ,   //165
 176          921 ,   //166
 177          923 ,   //167
 178          925 ,   //168
C51 COMPILER V9.52.0.0   TABLES                                                            12/24/2015 16:08:17 PAGE 4   

 179          927 ,   //169
 180          929 ,   //170
 181          931 ,   //171
 182          933 ,   //172
 183          934 ,   //173
 184          936 ,   //174
 185          938 ,   //175
 186          940 ,   //176
 187          941 ,   //177
 188          943 ,   //178
 189          945 ,   //179
 190          946 ,   //180
 191          948 ,   //181
 192          };
 193          
 194          
 195          
 196          
 197          
 198          
 199          code    uint16 TempTable4200_103K[]={                               //0~120度对应的AD值
 200          27      ,       //0  
 201          29      ,               //1     
 202          30      ,               //2    
 203          32      ,               //3     
 204          34      ,       //4
 205          35      ,       //5
 206          37      ,       //6
 207          39      ,       //7
 208          41      ,       //8
 209          43      ,       //9
 210          45      ,       //10
 211          48  ,           //11
 212          50      ,               //12
 213          52  ,           //13
 214          55  ,           //14
 215          58      ,               //15
 216          60      ,               //16
 217          63      ,               //17
 218          66      ,               //18
 219          69      ,               //19
 220          72      ,               //20
 221          76      ,               //21
 222          79      ,               //22
 223          83      ,               //23
 224          86      ,               //24
 225          90      ,               //25
 226          94      ,               //26
 227          98      ,               //27
 228          102     ,               //28
 229          106     ,       //29
 230          111     ,       //30
 231          115     ,       //31
 232          120     ,       //32
 233          125     ,       //33
 234          130     ,       //34
 235          135     ,       //35
 236          140     ,       //36
 237          145     ,       //37
 238          151     ,       //38
 239          156     ,       //39
 240          162     ,       //40
C51 COMPILER V9.52.0.0   TABLES                                                            12/24/2015 16:08:17 PAGE 5   

 241          168     ,       //41
 242          174     ,       //42
 243          180     ,       //43
 244          187     ,       //44
 245          193     ,       //45
 246          200     ,       //46
 247          207     ,       //47
 248          213     ,       //48
 249          220     ,       //49
 250          228     ,       //50
 251          235     ,       //51
 252          242     ,       //52
 253          250     ,       //53
 254          257 ,       //54
 255          265 ,       //55
 256          273 ,       //56
 257          281 ,       //57
 258          289 ,       //58
 259          297 ,       //59
 260          305 ,       //60
 261          314 ,       //61
 262          322 ,       //62
 263          331 ,       //63
 264          339 ,       //64
 265          348 ,       //65
 266          356 ,       //66
 267          365 ,       //67
 268          374 ,       //68
 269          383 ,       //69
 270          392 ,       //70
 271          401 ,       //71
 272          410 ,       //72
 273          418 ,       //73
 274          427 ,       //74
 275          436 ,       //75
 276          445 ,       //76
 277          454 ,       //77
 278          463 ,       //78
 279          472 ,       //79
 280          481 ,       //80
 281          490 ,       //81
 282          499 ,       //82
 283          508 ,       //83
 284          517 ,       //84
 285          525 ,       //85
 286          534 ,       //86
 287          543 ,       //87
 288          551 ,       //88
 289          560 ,       //89
 290          568 ,       //90
 291          577 ,       //91
 292          585 ,       //92
 293          593 ,       //93
 294          601 ,       //94
 295          609 ,       //95
 296          617 ,       //96
 297          625 ,       //97
 298          633 ,       //98
 299          641 ,       //99
 300          648 ,       //100
 301          656 ,       //101
 302          663 ,       //102
C51 COMPILER V9.52.0.0   TABLES                                                            12/24/2015 16:08:17 PAGE 6   

 303          671 ,       //103
 304          678 ,       //104
 305          685 ,       //105
 306          692 ,       //106
 307          699 ,       //107
 308          706 ,       //108
 309          712 ,       //109
 310          719 ,       //110
 311          725 ,       //111
 312          732 ,       //112
 313          738 ,       //113
 314          744 ,       //114
 315          750 ,       //115
 316          756 ,       //116
 317          762 ,       //117
 318          767 ,       //118
 319          773 ,       //119
 320          778 ,       //120
 321          784 ,       //121
 322          };


MODULE INFORMATION:   STATIC OVERLAYABLE
   CODE SIZE        =   ----    ----
   CONSTANT SIZE    =    608    ----
   XDATA SIZE       =   ----    ----
   PDATA SIZE       =   ----    ----
   DATA SIZE        =   ----    ----
   IDATA SIZE       =   ----    ----
   BIT SIZE         =   ----    ----
END OF MODULE INFORMATION.


C51 COMPILATION COMPLETE.  0 WARNING(S),  0 ERROR(S)
